Archive member included to satisfy reference by file (symbol)

d:/mounriver/mounriver_studio2/resources/app/resources/win32/components/wch/toolchain/risc-v embedded gcc/bin/../lib/gcc/riscv-none-embed/8.2.0/rv32imacxw/ilp32\libgcc.a(mulsf3.o)
                              ./Driver/lcd.o (__mulsf3)
d:/mounriver/mounriver_studio2/resources/app/resources/win32/components/wch/toolchain/risc-v embedded gcc/bin/../lib/gcc/riscv-none-embed/8.2.0/rv32imacxw/ilp32\libgcc.a(fixunssfsi.o)
                              ./Driver/lcd.o (__fixunssfsi)
d:/mounriver/mounriver_studio2/resources/app/resources/win32/components/wch/toolchain/risc-v embedded gcc/bin/../lib/gcc/riscv-none-embed/8.2.0/rv32imacxw/ilp32\libgcc.a(save-restore.o)
                              ./Driver/lcd.o (__riscv_save_12)
d:/mounriver/mounriver_studio2/resources/app/resources/win32/components/wch/toolchain/risc-v embedded gcc/bin/../lib/gcc/riscv-none-embed/8.2.0/rv32imacxw/ilp32\libgcc.a(_clzsi2.o)
                              d:/mounriver/mounriver_studio2/resources/app/resources/win32/components/wch/toolchain/risc-v embedded gcc/bin/../lib/gcc/riscv-none-embed/8.2.0/rv32imacxw/ilp32\libgcc.a(mulsf3.o) (__clzsi2)
d:/mounriver/mounriver_studio2/resources/app/resources/win32/components/wch/toolchain/risc-v embedded gcc/bin/../lib/gcc/riscv-none-embed/8.2.0/rv32imacxw/ilp32\libgcc.a(_clz.o)
                              d:/mounriver/mounriver_studio2/resources/app/resources/win32/components/wch/toolchain/risc-v embedded gcc/bin/../lib/gcc/riscv-none-embed/8.2.0/rv32imacxw/ilp32\libgcc.a(_clzsi2.o) (__clz_tab)
d:/mounriver/mounriver_studio2/resources/app/resources/win32/components/wch/toolchain/risc-v embedded gcc/bin/../lib/gcc/riscv-none-embed/8.2.0/../../../../riscv-none-embed/lib/rv32imacxw/ilp32\libg_nano.a(lib_a-memcpy.o)
                              ./User/main.o (memcpy)
d:/mounriver/mounriver_studio2/resources/app/resources/win32/components/wch/toolchain/risc-v embedded gcc/bin/../lib/gcc/riscv-none-embed/8.2.0/../../../../riscv-none-embed/lib/rv32imacxw/ilp32\libg_nano.a(lib_a-memset.o)
                              ./Driver/esp8266.o (memset)
d:/mounriver/mounriver_studio2/resources/app/resources/win32/components/wch/toolchain/risc-v embedded gcc/bin/../lib/gcc/riscv-none-embed/8.2.0/../../../../riscv-none-embed/lib/rv32imacxw/ilp32\libg_nano.a(lib_a-puts.o)
                              ./Driver/esp8266.o (puts)
d:/mounriver/mounriver_studio2/resources/app/resources/win32/components/wch/toolchain/risc-v embedded gcc/bin/../lib/gcc/riscv-none-embed/8.2.0/../../../../riscv-none-embed/lib/rv32imacxw/ilp32\libg_nano.a(lib_a-snprintf.o)
                              ./User/main.o (snprintf)
d:/mounriver/mounriver_studio2/resources/app/resources/win32/components/wch/toolchain/risc-v embedded gcc/bin/../lib/gcc/riscv-none-embed/8.2.0/../../../../riscv-none-embed/lib/rv32imacxw/ilp32\libg_nano.a(lib_a-sscanf.o)
                              ./User/main.o (sscanf)
d:/mounriver/mounriver_studio2/resources/app/resources/win32/components/wch/toolchain/risc-v embedded gcc/bin/../lib/gcc/riscv-none-embed/8.2.0/../../../../riscv-none-embed/lib/rv32imacxw/ilp32\libg_nano.a(lib_a-stdio.o)
                              d:/mounriver/mounriver_studio2/resources/app/resources/win32/components/wch/toolchain/risc-v embedded gcc/bin/../lib/gcc/riscv-none-embed/8.2.0/../../../../riscv-none-embed/lib/rv32imacxw/ilp32\libg_nano.a(lib_a-sscanf.o) (__seofread)
d:/mounriver/mounriver_studio2/resources/app/resources/win32/components/wch/toolchain/risc-v embedded gcc/bin/../lib/gcc/riscv-none-embed/8.2.0/../../../../riscv-none-embed/lib/rv32imacxw/ilp32\libg_nano.a(lib_a-strchr.o)
                              ./Driver/esp8266.o (strchr)
d:/mounriver/mounriver_studio2/resources/app/resources/win32/components/wch/toolchain/risc-v embedded gcc/bin/../lib/gcc/riscv-none-embed/8.2.0/../../../../riscv-none-embed/lib/rv32imacxw/ilp32\libg_nano.a(lib_a-strcmp.o)
                              ./Driver/esp8266.o (strcmp)
d:/mounriver/mounriver_studio2/resources/app/resources/win32/components/wch/toolchain/risc-v embedded gcc/bin/../lib/gcc/riscv-none-embed/8.2.0/../../../../riscv-none-embed/lib/rv32imacxw/ilp32\libg_nano.a(lib_a-strlen.o)
                              ./User/main.o (strlen)
d:/mounriver/mounriver_studio2/resources/app/resources/win32/components/wch/toolchain/risc-v embedded gcc/bin/../lib/gcc/riscv-none-embed/8.2.0/../../../../riscv-none-embed/lib/rv32imacxw/ilp32\libg_nano.a(lib_a-strncmp.o)
                              ./User/main.o (strncmp)
d:/mounriver/mounriver_studio2/resources/app/resources/win32/components/wch/toolchain/risc-v embedded gcc/bin/../lib/gcc/riscv-none-embed/8.2.0/../../../../riscv-none-embed/lib/rv32imacxw/ilp32\libg_nano.a(lib_a-strstr.o)
                              ./User/main.o (strstr)
[...]
Memory Configuration

Name             Origin             Length             Attributes
FLASH            0x0000000000000000 0x0000000000048000 xr
RAM              0x0000000020000000 0x0000000000008000 xrw
*default*        0x0000000000000000 0xffffffffffffffff

Linker script and memory map

LOAD ./User/ch32v30x_it.o
LOAD ./User/main.o
LOAD ./User/system_ch32v30x.o
LOAD ./Startup/startup_ch32v30x_D8C.o
LOAD ./Peripheral/src/ch32v30x_adc.o
LOAD ./Peripheral/src/ch32v30x_bkp.o
LOAD ./Peripheral/src/ch32v30x_can.o
LOAD ./Peripheral/src/ch32v30x_crc.o
LOAD ./Peripheral/src/ch32v30x_dac.o
LOAD ./Peripheral/src/ch32v30x_dbgmcu.o
LOAD ./Peripheral/src/ch32v30x_dma.o
LOAD ./Peripheral/src/ch32v30x_dvp.o
LOAD ./Peripheral/src/ch32v30x_eth.o
LOAD ./Peripheral/src/ch32v30x_exti.o
LOAD ./Peripheral/src/ch32v30x_flash.o
LOAD ./Peripheral/src/ch32v30x_fsmc.o
LOAD ./Peripheral/src/ch32v30x_gpio.o
LOAD ./Peripheral/src/ch32v30x_i2c.o
LOAD ./Peripheral/src/ch32v30x_iwdg.o
LOAD ./Peripheral/src/ch32v30x_misc.o
LOAD ./Peripheral/src/ch32v30x_opa.o
LOAD ./Peripheral/src/ch32v30x_pwr.o
LOAD ./Peripheral/src/ch32v30x_rcc.o
LOAD ./Peripheral/src/ch32v30x_rng.o
LOAD ./Peripheral/src/ch32v30x_rtc.o
LOAD ./Peripheral/src/ch32v30x_sdio.o
LOAD ./Peripheral/src/ch32v30x_spi.o
LOAD ./Peripheral/src/ch32v30x_tim.o
LOAD ./Peripheral/src/ch32v30x_usart.o
LOAD ./Peripheral/src/ch32v30x_wwdg.o
LOAD ./Driver/as608.o
LOAD ./Driver/audio.o
LOAD ./Driver/esp8266.o
LOAD ./Driver/iic.o
LOAD ./Driver/key.o
LOAD ./Driver/lcd.o
LOAD ./Driver/telecontrol.o
LOAD ./Driver/timer.o
LOAD ./Driver/uart.o
LOAD ./Debug/debug.o
LOAD ./Core/core_riscv.o
LOAD d:/mounriver/mounriver_studio2/resources/app/resources/win32/components/wch/toolchain/risc-v embedded gcc/bin/../lib/gcc/riscv-none-embed/8.2.0/../../../../riscv-none-embed/lib/rv32imacxw/ilp32\libm.a
LOAD d:/mounriver/mounriver_studio2/resources/app/resources/win32/components/wch/toolchain/risc-v embedded gcc/bin/../lib/gcc/riscv-none-embed/8.2.0/rv32imacxw/ilp32\libgcc.a
LOAD d:/mounriver/mounriver_studio2/resources/app/resources/win32/components/wch/toolchain/risc-v embedded gcc/bin/../lib/gcc/riscv-none-embed/8.2.0/../../../../riscv-none-embed/lib/rv32imacxw/ilp32\libg_nano.a
LOAD d:/mounriver/mounriver_studio2/resources/app/resources/win32/components/wch/toolchain/risc-v embedded gcc/bin/../lib/gcc/riscv-none-embed/8.2.0/../../../../riscv-none-embed/lib/rv32imacxw/ilp32\libc_nano.a
LOAD d:/mounriver/mounriver_studio2/resources/app/resources/win32/components/wch/toolchain/risc-v embedded gcc/bin/../lib/gcc/riscv-none-embed/8.2.0/rv32imacxw/ilp32\libgcc.a
START GROUP
LOAD d:/mounriver/mounriver_studio2/resources/app/resources/win32/components/wch/toolchain/risc-v embedded gcc/bin/../lib/gcc/riscv-none-embed/8.2.0/rv32imacxw/ilp32\libgcc.a
LOAD d:/mounriver/mounriver_studio2/resources/app/resources/win32/components/wch/toolchain/risc-v embedded gcc/bin/../lib/gcc/riscv-none-embed/8.2.0/../../../../riscv-none-embed/lib/rv32imacxw/ilp32\libc_nano.a
LOAD d:/mounriver/mounriver_studio2/resources/app/resources/win32/components/wch/toolchain/risc-v embedded gcc/bin/../lib/gcc/riscv-none-embed/8.2.0/../../../../riscv-none-embed/lib/rv32imacxw/ilp32\libnosys.a
END GROUP
START GROUP
LOAD d:/mounriver/mounriver_studio2/resources/app/resources/win32/components/wch/toolchain/risc-v embedded gcc/bin/../lib/gcc/riscv-none-embed/8.2.0/rv32imacxw/ilp32\libgcc.a
LOAD d:/mounriver/mounriver_studio2/resources/app/resources/win32/components/wch/toolchain/risc-v embedded gcc/bin/../lib/gcc/riscv-none-embed/8.2.0/../../../../riscv-none-embed/lib/rv32imacxw/ilp32\libc_nano.a
LOAD d:/mounriver/mounriver_studio2/resources/app/resources/win32/components/wch/toolchain/risc-v embedded gcc/bin/../lib/gcc/riscv-none-embed/8.2.0/../../../../riscv-none-embed/lib/rv32imacxw/ilp32\libnosys.a
END GROUP
                0x0000000000000800                __stack_size = 0x800
                [!provide]                        PROVIDE (_stack_size = __stack_size)

.init           0x0000000000000000        0x4
                0x0000000000000000                _sinit = .
                0x0000000000000000                . = ALIGN (0x4)
 *(SORT_NONE(.init))
 .init          0x0000000000000000        0x4 ./Startup/startup_ch32v30x_D8C.o
                0x0000000000000000                _start
                0x0000000000000004                . = ALIGN (0x4)
                0x0000000000000004                _einit = .

.vector         0x0000000000000004      0x1bc
 *(.vector)
 .vector        0x0000000000000004      0x1a0 ./Startup/startup_ch32v30x_D8C.o
                0x00000000000001c0                . = ALIGN (0x40)
 *fill*         0x00000000000001a4       0x1c 

.text           0x00000000000001c0     0xf7e0
                0x00000000000001c0                . = ALIGN (0x4)
 *(.text)
 .text          0x00000000000001c0       0x60 d:/mounriver/mounriver_studio2/resources/app/resources/win32/components/wch/toolchain/risc-v embedded gcc/bin/../lib/gcc/riscv-none-embed/8.2.0/rv32imacxw/ilp32\libgcc.a(save-restore.o)
                0x00000000000001c0                __riscv_save_12
                0x00000000000001c8                __riscv_save_9
                0x00000000000001c8                __riscv_save_11
                0x00000000000001c8                __riscv_save_10
                0x00000000000001c8                __riscv_save_8
                0x00000000000001d6                __riscv_save_4
                0x00000000000001d6                __riscv_save_6
                0x00000000000001d6                __riscv_save_5
                0x00000000000001d6                __riscv_save_7
                0x00000000000001f0                __riscv_save_3
                0x00000000000001f0                __riscv_save_2
                0x00000000000001f0                __riscv_save_1
                0x00000000000001f0                __riscv_save_0
                0x00000000000001fc                __riscv_restore_12
                0x0000000000000200                __riscv_restore_11
                0x0000000000000200                __riscv_restore_9
                0x0000000000000200                __riscv_restore_10
                0x0000000000000200                __riscv_restore_8
                0x000000000000020a                __riscv_restore_5
                0x000000000000020a                __riscv_restore_7
                0x000000000000020a                __riscv_restore_6
                0x000000000000020a                __riscv_restore_4
                0x0000000000000214                __riscv_restore_3
                0x0000000000000214                __riscv_restore_0
                0x0000000000000214                __riscv_restore_2
                0x0000000000000214                __riscv_restore_1
 .text          0x0000000000000220       0xa8 d:/mounriver/mounriver_studio2/resources/app/resources/win32/components/wch/toolchain/risc-v embedded gcc/bin/../lib/gcc/riscv-none-embed/8.2.0/../../../../riscv-none-embed/lib/rv32imacxw/ilp32\libg_nano.a(lib_a-memset.o)
                0x0000000000000220                memset
 .text          0x00000000000002c8      0x11a d:/mounriver/mounriver_studio2/resources/app/resources/win32/components/wch/toolchain/risc-v embedded gcc/bin/../lib/gcc/riscv-none-embed/8.2.0/../../../../riscv-none-embed/lib/rv32imacxw/ilp32\libg_nano.a(lib_a-strcmp.o)
                0x00000000000002c8                strcmp
 *(.text.*)
 .text.NMI_Handler
                0x00000000000003e2        0x4 ./User/ch32v30x_it.o
                0x00000000000003e2                NMI_Handler
 .text.HardFault_Handler
                0x00000000000003e6        0x2 ./User/ch32v30x_it.o
                0x00000000000003e6                HardFault_Handler
 .text.lock_proc
                0x00000000000003e8        0xe ./User/main.o
                0x00000000000003e8                lock_proc
 .text.esp8266_proc
                0x00000000000003f6      0x13a ./User/main.o
                0x00000000000003f6                esp8266_proc
 .text.lcd_proc
                0x0000000000000530      0x10c ./User/main.o
                0x0000000000000530                lcd_proc
 .text.TIM3_IRQHandler
                0x000000000000063c       0xb6 ./User/main.o
                0x000000000000063c                TIM3_IRQHandler
 .text.scheduler_run
                0x00000000000006f2       0x3c ./User/main.o
                0x00000000000006f2                scheduler_run
 .text.startup.main
                0x000000000000072e      0x14a ./User/main.o
                0x000000000000072e                main
 .text.UART6_IRQHandler
                0x0000000000000878       0x4c ./User/main.o
                0x0000000000000878                UART6_IRQHandler
 .text.UART7_IRQHandler
                0x00000000000008c4       0x6a ./User/main.o
                0x00000000000008c4                UART7_IRQHandler
 .text.USART3_IRQHandler
                0x000000000000092e       0x36 ./User/main.o
                0x000000000000092e                USART3_IRQHandler
 .text.key_clear
                0x0000000000000964       0x1c ./User/main.o
                0x0000000000000964                key_clear
 .text.string_chek
                0x0000000000000980       0x2c ./User/main.o
                0x0000000000000980                string_chek
 .text.string_copy
                0x00000000000009ac       0x1c ./User/main.o
                0x00000000000009ac                string_copy
 .text.key_proc
                0x00000000000009c8      0x252 ./User/main.o
                0x00000000000009c8                key_proc
 .text.rfid_chek
                0x0000000000000c1a       0x32 ./User/main.o
                0x0000000000000c1a                rfid_chek
 .text.USART2_IRQHandler
                0x0000000000000c4c      0x116 ./User/main.o
                0x0000000000000c4c                USART2_IRQHandler
 .text.Ps_Wait  0x0000000000000d62       0x1e ./User/main.o
                0x0000000000000d62                Ps_Wait
 .text.as608_proc
                0x0000000000000d80       0xb0 ./User/main.o
                0x0000000000000d80                as608_proc
 .text.SysTick_Handler
                0x0000000000000e30        0xc ./User/main.o
                0x0000000000000e30                SysTick_Handler
 .text.get_tick
                0x0000000000000e3c        0x6 ./User/main.o
                0x0000000000000e3c                get_tick
 .text.SystemInit
                0x0000000000000e42       0xfa ./User/system_ch32v30x.o
                0x0000000000000e42                SystemInit
 .text.SystemCoreClockUpdate
                0x0000000000000f3c      0x12a ./User/system_ch32v30x.o
                0x0000000000000f3c                SystemCoreClockUpdate
 .text.vector_handler
                0x0000000000001066        0x2 ./Startup/startup_ch32v30x_D8C.o
                0x0000000000001066                EXTI2_IRQHandler
                0x0000000000001066                TIM8_TRG_COM_IRQHandler
                0x0000000000001066                TIM8_CC_IRQHandler
                0x0000000000001066                UART8_IRQHandler
                0x0000000000001066                TIM1_CC_IRQHandler
                0x0000000000001066                TIM6_IRQHandler
                0x0000000000001066                PVD_IRQHandler
                0x0000000000001066                SDIO_IRQHandler
                0x0000000000001066                TIM9_BRK_IRQHandler
                0x0000000000001066                DMA2_Channel8_IRQHandler
                0x0000000000001066                CAN2_RX1_IRQHandler
                0x0000000000001066                EXTI3_IRQHandler
                0x0000000000001066                USBHS_IRQHandler
                0x0000000000001066                DMA2_Channel9_IRQHandler
                0x0000000000001066                TIM10_CC_IRQHandler
                0x0000000000001066                EXTI0_IRQHandler
                0x0000000000001066                I2C2_EV_IRQHandler
                0x0000000000001066                TIM10_TRG_COM_IRQHandler
                0x0000000000001066                CAN2_SCE_IRQHandler
                0x0000000000001066                ADC1_2_IRQHandler
                0x0000000000001066                Break_Point_Handler
                0x0000000000001066                SPI1_IRQHandler
                0x0000000000001066                TAMPER_IRQHandler
                0x0000000000001066                CAN2_RX0_IRQHandler
                0x0000000000001066                TIM8_UP_IRQHandler
                0x0000000000001066                Ecall_M_Mode_Handler
                0x0000000000001066                DMA2_Channel2_IRQHandler
                0x0000000000001066                DMA1_Channel4_IRQHandler
                0x0000000000001066                TIM9_UP_IRQHandler
                0x0000000000001066                RTC_IRQHandler
                0x0000000000001066                DMA1_Channel7_IRQHandler
                0x0000000000001066                CAN1_RX1_IRQHandler
                0x0000000000001066                DVP_IRQHandler
                0x0000000000001066                UART5_IRQHandler
                0x0000000000001066                TIM4_IRQHandler
                0x0000000000001066                DMA2_Channel1_IRQHandler
                0x0000000000001066                I2C1_EV_IRQHandler
                0x0000000000001066                DMA1_Channel6_IRQHandler
                0x0000000000001066                UART4_IRQHandler
                0x0000000000001066                DMA2_Channel4_IRQHandler
                0x0000000000001066                RCC_IRQHandler
                0x0000000000001066                TIM1_TRG_COM_IRQHandler
                0x0000000000001066                DMA1_Channel1_IRQHandler
                0x0000000000001066                DMA2_Channel7_IRQHandler
                0x0000000000001066                EXTI15_10_IRQHandler
                0x0000000000001066                TIM7_IRQHandler
                0x0000000000001066                CAN2_TX_IRQHandler
                0x0000000000001066                TIM5_IRQHandler
                0x0000000000001066                EXTI9_5_IRQHandler
                0x0000000000001066                ETH_WKUP_IRQHandler
                0x0000000000001066                SPI2_IRQHandler
                0x0000000000001066                TIM10_BRK_IRQHandler
                0x0000000000001066                TIM9_CC_IRQHandler
                0x0000000000001066                DMA2_Channel5_IRQHandler
                0x0000000000001066                DMA1_Channel5_IRQHandler
                0x0000000000001066                EXTI4_IRQHandler
                0x0000000000001066                USB_LP_CAN1_RX0_IRQHandler
                0x0000000000001066                RNG_IRQHandler
                0x0000000000001066                USB_HP_CAN1_TX_IRQHandler
                0x0000000000001066                DMA1_Channel3_IRQHandler
                0x0000000000001066                FSMC_IRQHandler
                0x0000000000001066                ETH_IRQHandler
                0x0000000000001066                TIM1_UP_IRQHandler
                0x0000000000001066                WWDG_IRQHandler
                0x0000000000001066                USBHSWakeup_IRQHandler
                0x0000000000001066                DMA2_Channel11_IRQHandler
                0x0000000000001066                Ecall_U_Mode_Handler
                0x0000000000001066                DMA2_Channel6_IRQHandler
                0x0000000000001066                TIM2_IRQHandler
                0x0000000000001066                SW_Handler
                0x0000000000001066                TIM1_BRK_IRQHandler
                0x0000000000001066                DMA2_Channel10_IRQHandler
                0x0000000000001066                EXTI1_IRQHandler
                0x0000000000001066                RTCAlarm_IRQHandler
                0x0000000000001066                TIM10_UP_IRQHandler
                0x0000000000001066                TIM9_TRG_COM_IRQHandler
                0x0000000000001066                I2C2_ER_IRQHandler
                0x0000000000001066                DMA1_Channel2_IRQHandler
                0x0000000000001066                TIM8_BRK_IRQHandler
                0x0000000000001066                CAN1_SCE_IRQHandler
                0x0000000000001066                FLASH_IRQHandler
                0x0000000000001066                USART1_IRQHandler
                0x0000000000001066                OTG_FS_IRQHandler
                0x0000000000001066                I2C1_ER_IRQHandler
                0x0000000000001066                USBWakeUp_IRQHandler
                0x0000000000001066                DMA2_Channel3_IRQHandler
 .text.handle_reset
                0x0000000000001068       0x8a ./Startup/startup_ch32v30x_D8C.o
                0x0000000000001068                handle_reset
 .text.GPIO_Init
                0x00000000000010f2       0xc0 ./Peripheral/src/ch32v30x_gpio.o
                0x00000000000010f2                GPIO_Init
 .text.GPIO_ReadInputDataBit
                0x00000000000011b2        0xa ./Peripheral/src/ch32v30x_gpio.o
                0x00000000000011b2                GPIO_ReadInputDataBit
 .text.GPIO_SetBits
                0x00000000000011bc        0x4 ./Peripheral/src/ch32v30x_gpio.o
                0x00000000000011bc                GPIO_SetBits
 .text.GPIO_ResetBits
                0x00000000000011c0        0x4 ./Peripheral/src/ch32v30x_gpio.o
                0x00000000000011c0                GPIO_ResetBits
 .text.NVIC_PriorityGroupConfig
                0x00000000000011c4        0x6 ./Peripheral/src/ch32v30x_misc.o
                0x00000000000011c4                NVIC_PriorityGroupConfig
 .text.NVIC_Init
                0x00000000000011ca       0xa6 ./Peripheral/src/ch32v30x_misc.o
                0x00000000000011ca                NVIC_Init
 .text.RCC_GetClocksFreq
                0x0000000000001270      0x176 ./Peripheral/src/ch32v30x_rcc.o
                0x0000000000001270                RCC_GetClocksFreq
 .text.RCC_APB2PeriphClockCmd
                0x00000000000013e6       0x1e ./Peripheral/src/ch32v30x_rcc.o
                0x00000000000013e6                RCC_APB2PeriphClockCmd
 .text.RCC_APB1PeriphClockCmd
                0x0000000000001404       0x1e ./Peripheral/src/ch32v30x_rcc.o
                0x0000000000001404                RCC_APB1PeriphClockCmd
 .text.SPI_Init
                0x0000000000001422       0x3e ./Peripheral/src/ch32v30x_spi.o
                0x0000000000001422                SPI_Init
 .text.SPI_Cmd  0x0000000000001460       0x1a ./Peripheral/src/ch32v30x_spi.o
                0x0000000000001460                SPI_Cmd
 .text.SPI_I2S_SendData
                0x000000000000147a        0x4 ./Peripheral/src/ch32v30x_spi.o
                0x000000000000147a                SPI_I2S_SendData
 .text.SPI_I2S_ReceiveData
                0x000000000000147e        0x4 ./Peripheral/src/ch32v30x_spi.o
                0x000000000000147e                SPI_I2S_ReceiveData
 .text.SPI_I2S_GetFlagStatus
                0x0000000000001482        0xa ./Peripheral/src/ch32v30x_spi.o
                0x0000000000001482                SPI_I2S_GetFlagStatus
 .text.TIM_TimeBaseInit
                0x000000000000148c       0xaa ./Peripheral/src/ch32v30x_tim.o
                0x000000000000148c                TIM_TimeBaseInit
 .text.TIM_OC1Init
                0x0000000000001536       0x82 ./Peripheral/src/ch32v30x_tim.o
                0x0000000000001536                TIM_OC1Init
 .text.TIM_Cmd  0x00000000000015b8       0x18 ./Peripheral/src/ch32v30x_tim.o
                0x00000000000015b8                TIM_Cmd
 .text.TIM_ITConfig
                0x00000000000015d0       0x12 ./Peripheral/src/ch32v30x_tim.o
                0x00000000000015d0                TIM_ITConfig
 .text.TIM_ARRPreloadConfig
                0x00000000000015e2       0x1a ./Peripheral/src/ch32v30x_tim.o
                0x00000000000015e2                TIM_ARRPreloadConfig
 .text.TIM_OC1PreloadConfig
                0x00000000000015fc        0xe ./Peripheral/src/ch32v30x_tim.o
                0x00000000000015fc                TIM_OC1PreloadConfig
 .text.TIM_SetCompare1
                0x000000000000160a        0x4 ./Peripheral/src/ch32v30x_tim.o
                0x000000000000160a                TIM_SetCompare1
 .text.TIM_GetITStatus
                0x000000000000160e       0x18 ./Peripheral/src/ch32v30x_tim.o
                0x000000000000160e                TIM_GetITStatus
 .text.TIM_ClearITPendingBit
                0x0000000000001626        0xc ./Peripheral/src/ch32v30x_tim.o
                0x0000000000001626                TIM_ClearITPendingBit
 .text.USART_Init
                0x0000000000001632       0xba ./Peripheral/src/ch32v30x_usart.o
                0x0000000000001632                USART_Init
 .text.USART_Cmd
                0x00000000000016ec       0x16 ./Peripheral/src/ch32v30x_usart.o
                0x00000000000016ec                USART_Cmd
 .text.USART_ITConfig
                0x0000000000001702       0x36 ./Peripheral/src/ch32v30x_usart.o
                0x0000000000001702                USART_ITConfig
 .text.USART_SendData
                0x0000000000001738        0x8 ./Peripheral/src/ch32v30x_usart.o
                0x0000000000001738                USART_SendData
 .text.USART_ReceiveData
                0x0000000000001740        0x8 ./Peripheral/src/ch32v30x_usart.o
                0x0000000000001740                USART_ReceiveData
 .text.USART_GetFlagStatus
                0x0000000000001748        0xa ./Peripheral/src/ch32v30x_usart.o
                0x0000000000001748                USART_GetFlagStatus
 .text.USART_ClearFlag
                0x0000000000001752        0xc ./Peripheral/src/ch32v30x_usart.o
                0x0000000000001752                USART_ClearFlag
 .text.USART_GetITStatus
                0x000000000000175e       0x3c ./Peripheral/src/ch32v30x_usart.o
                0x000000000000175e                USART_GetITStatus
 .text.USART_ClearITPendingBit
                0x000000000000179a       0x14 ./Peripheral/src/ch32v30x_usart.o
                0x000000000000179a                USART_ClearITPendingBit
 .text.as608_init
                0x00000000000017ae        0xc ./Driver/as608.o
                0x00000000000017ae                as608_init
 .text.PS_GetImage
                0x00000000000017ba       0x22 ./Driver/as608.o
                0x00000000000017ba                PS_GetImage
 .text.PS_GenChar
                0x00000000000017dc       0x34 ./Driver/as608.o
                0x00000000000017dc                PS_GenChar
 .text.PS_RegModel
                0x0000000000001810       0x22 ./Driver/as608.o
                0x0000000000001810                PS_RegModel
 .text.PS_StoreChar
                0x0000000000001832       0x36 ./Driver/as608.o
                0x0000000000001832                PS_StoreChar
 .text.PS_Search
                0x0000000000001868       0x22 ./Driver/as608.o
                0x0000000000001868                PS_Search
 .text.PS_Empty
                0x000000000000188a       0x22 ./Driver/as608.o
                0x000000000000188a                PS_Empty
 .text.audio_init
                0x00000000000018ac        0xc ./Driver/audio.o
                0x00000000000018ac                audio_init
 .text.audio_play
                0x00000000000018b8       0x48 ./Driver/audio.o
                0x00000000000018b8                audio_play
 .text.audio_yinliang
                0x0000000000001900       0x4a ./Driver/audio.o
                0x0000000000001900                audio_yinliang
 .text.esp8266_init
                0x000000000000194a        0xc ./Driver/esp8266.o
                0x000000000000194a                esp8266_init
 .text.iotdm_init
                0x0000000000001956      0x11c ./Driver/esp8266.o
                0x0000000000001956                iotdm_init
 .text.extract_request_id
                0x0000000000001a72       0x72 ./Driver/esp8266.o
                0x0000000000001a72                extract_request_id
 .text.extract_command_name
                0x0000000000001ae4       0x76 ./Driver/esp8266.o
                0x0000000000001ae4                extract_command_name
 .text.extract_param_bool
                0x0000000000001b5a       0x80 ./Driver/esp8266.o
                0x0000000000001b5a                extract_param_bool
 .text.extract_param_int
                0x0000000000001bda       0x68 ./Driver/esp8266.o
                0x0000000000001bda                extract_param_int
 .text.extract_param_string
                0x0000000000001c42       0x6a ./Driver/esp8266.o
                0x0000000000001c42                extract_param_string
 .text.my_mqtt_line_handler
                0x0000000000001cac      0x132 ./Driver/esp8266.o
                0x0000000000001cac                my_mqtt_line_handler
 .text.I2C_Start
                0x0000000000001dde       0x4e ./Driver/iic.o
                0x0000000000001dde                I2C_Start
 .text.I2C_Stop
                0x0000000000001e2c       0x4e ./Driver/iic.o
                0x0000000000001e2c                I2C_Stop
 .text.I2C_Send_Bit_0
                0x0000000000001e7a       0x3c ./Driver/iic.o
                0x0000000000001e7a                I2C_Send_Bit_0
 .text.I2C_Send_Bit_1
                0x0000000000001eb6       0x3c ./Driver/iic.o
                0x0000000000001eb6                I2C_Send_Bit_1
 .text.I2C_Check_Ack
                0x0000000000001ef2       0x58 ./Driver/iic.o
                0x0000000000001ef2                I2C_Check_Ack
 .text.I2C_Write8Bit
                0x0000000000001f4a       0x24 ./Driver/iic.o
                0x0000000000001f4a                I2C_Write8Bit
 .text.EEPROM_Write
                0x0000000000001f6e       0x42 ./Driver/iic.o
                0x0000000000001f6e                EEPROM_Write
 .text.key_init
                0x0000000000001fb0       0x72 ./Driver/key.o
                0x0000000000001fb0                key_init
 .text.key_read
                0x0000000000002022      0x200 ./Driver/key.o
                0x0000000000002022                key_read
 .text.SPI_LCD_Init
                0x0000000000002222       0xdc ./Driver/lcd.o
                0x0000000000002222                SPI_LCD_Init
 .text.SPI3_IRQHandler
                0x00000000000022fe        0x4 ./Driver/lcd.o
                0x00000000000022fe                SPI3_IRQHandler
 .text.spi_readwrite
                0x0000000000002302       0x62 ./Driver/lcd.o
                0x0000000000002302                spi_readwrite
 .text.LCD_WR_DATA8
                0x0000000000002364       0x32 ./Driver/lcd.o
                0x0000000000002364                LCD_WR_DATA8
 .text.LCD_WR_DATA
                0x0000000000002396       0x3c ./Driver/lcd.o
                0x0000000000002396                LCD_WR_DATA
 .text.LCD_WR_REG
                0x00000000000023d2       0x32 ./Driver/lcd.o
                0x00000000000023d2                LCD_WR_REG
 .text.LCD_Address_Set
                0x0000000000002404       0x62 ./Driver/lcd.o
                0x0000000000002404                LCD_Address_Set
 .text.LCD_Init
                0x0000000000002466      0x2bc ./Driver/lcd.o
                0x0000000000002466                LCD_Init
 .text.LCD_Fill
                0x0000000000002722       0x42 ./Driver/lcd.o
                0x0000000000002722                LCD_Fill
 .text.LCD_DrawPoint
                0x0000000000002764       0x18 ./Driver/lcd.o
                0x0000000000002764                LCD_DrawPoint
 .text.LCD_DrawLine
                0x000000000000277c       0x84 ./Driver/lcd.o
                0x000000000000277c                LCD_DrawLine
 .text.LCD_ShowChinese16x16
                0x0000000000002800       0xe8 ./Driver/lcd.o
                0x0000000000002800                LCD_ShowChinese16x16
 .text.lcd_show_chinese
                0x00000000000028e8       0x48 ./Driver/lcd.o
                0x00000000000028e8                lcd_show_chinese
 .text.LCD_ShowChar
                0x0000000000002930       0xe6 ./Driver/lcd.o
                0x0000000000002930                LCD_ShowChar
 .text.LCD_ShowIntNum
                0x0000000000002a16       0x94 ./Driver/lcd.o
                0x0000000000002a16                LCD_ShowIntNum
 .text.LCD_ShowPicture
                0x0000000000002aaa       0x62 ./Driver/lcd.o
                0x0000000000002aaa                LCD_ShowPicture
 .text.set_volume
                0x0000000000002b0c        0x2 ./Driver/telecontrol.o
                0x0000000000002b0c                set_volume
 .text.set_lock
                0x0000000000002b0e        0x2 ./Driver/telecontrol.o
                0x0000000000002b0e                set_lock
 .text.change_password
                0x0000000000002b10        0x2 ./Driver/telecontrol.o
                0x0000000000002b10                change_password
 .text.TIM2_PWM_Init
                0x0000000000002b12       0x8a ./Driver/timer.o
                0x0000000000002b12                TIM2_PWM_Init
 .text.lock     0x0000000000002b9c       0x1a ./Driver/timer.o
                0x0000000000002b9c                lock
 .text.Tim3_Init
                0x0000000000002bb6       0x5a ./Driver/timer.o
                0x0000000000002bb6                Tim3_Init
 .text.uart6_register_line_callback
                0x0000000000002c10        0x6 ./Driver/uart.o
                0x0000000000002c10                uart6_register_line_callback
 .text.uart6_check_line
                0x0000000000002c16       0xa0 ./Driver/uart.o
                0x0000000000002c16                uart6_check_line
 .text.Uart6_Init
                0x0000000000002cb6       0x8a ./Driver/uart.o
                0x0000000000002cb6                Uart6_Init
 .text.uart6_send_string
                0x0000000000002d40       0x32 ./Driver/uart.o
                0x0000000000002d40                uart6_send_string
 .text.Uart7_Init
                0x0000000000002d72       0x8a ./Driver/uart.o
                0x0000000000002d72                Uart7_Init
 .text.usart1_send_string
                0x0000000000002dfc       0x32 ./Driver/uart.o
                0x0000000000002dfc                usart1_send_string
 .text.uart7_send_string
                0x0000000000002e2e       0x3e ./Driver/uart.o
                0x0000000000002e2e                uart7_send_string
 .text.Usart3_Init
                0x0000000000002e6c       0x96 ./Driver/uart.o
                0x0000000000002e6c                Usart3_Init
 .text.Usart2_Init
                0x0000000000002f02       0x92 ./Driver/uart.o
                0x0000000000002f02                Usart2_Init
 .text.wait_for_response
                0x0000000000002f94       0x90 ./Driver/uart.o
                0x0000000000002f94                wait_for_response
 .text.Delay_Init
                0x0000000000003024       0x26 ./Debug/debug.o
                0x0000000000003024                Delay_Init
 .text.Delay_Us
                0x000000000000304a       0x36 ./Debug/debug.o
                0x000000000000304a                Delay_Us
 .text.Delay_Ms
                0x0000000000003080       0x36 ./Debug/debug.o
                0x0000000000003080                Delay_Ms
 .text.USART_Printf_Init
                0x00000000000030b6       0x66 ./Debug/debug.o
                0x00000000000030b6                USART_Printf_Init
 .text._write   0x000000000000311c       0x3e ./Debug/debug.o
                0x000000000000311c                _write
 .text._sbrk    0x000000000000315a       0x26 ./Debug/debug.o
                0x000000000000315a                _sbrk
 .text.memcpy   0x0000000000003180       0xb2 d:/mounriver/mounriver_studio2/resources/app/resources/win32/components/wch/toolchain/risc-v embedded gcc/bin/../lib/gcc/riscv-none-embed/8.2.0/../../../../riscv-none-embed/lib/rv32imacxw/ilp32\libg_nano.a(lib_a-memcpy.o)
                0x0000000000003180                memcpy
 .text._puts_r  0x0000000000003232       0xd4 d:/mounriver/mounriver_studio2/resources/app/resources/win32/components/wch/toolchain/risc-v embedded gcc/bin/../lib/gcc/riscv-none-embed/8.2.0/../../../../riscv-none-embed/lib/rv32imacxw/ilp32\libg_nano.a(lib_a-puts.o)
                0x0000000000003232                _puts_r
 .text.puts     0x0000000000003306        0xc d:/mounriver/mounriver_studio2/resources/app/resources/win32/components/wch/toolchain/risc-v embedded gcc/bin/../lib/gcc/riscv-none-embed/8.2.0/../../../../riscv-none-embed/lib/rv32imacxw/ilp32\libg_nano.a(lib_a-puts.o)
                0x0000000000003306                puts
 .text.snprintf
                0x0000000000003312       0x6c d:/mounriver/mounriver_studio2/resources/app/resources/win32/components/wch/toolchain/risc-v embedded gcc/bin/../lib/gcc/riscv-none-embed/8.2.0/../../../../riscv-none-embed/lib/rv32imacxw/ilp32\libg_nano.a(lib_a-snprintf.o)
                0x0000000000003312                sniprintf
                0x0000000000003312                snprintf
 .text.sscanf   0x000000000000337e       0x52 d:/mounriver/mounriver_studio2/resources/app/resources/win32/components/wch/toolchain/risc-v embedded gcc/bin/../lib/gcc/riscv-none-embed/8.2.0/../../../../riscv-none-embed/lib/rv32imacxw/ilp32\libg_nano.a(lib_a-sscanf.o)
                0x000000000000337e                siscanf
                0x000000000000337e                sscanf
 .text.__sread  0x00000000000033d0       0x2e d:/mounriver/mounriver_studio2/resources/app/resources/win32/components/wch/toolchain/risc-v embedded gcc/bin/../lib/gcc/riscv-none-embed/8.2.0/../../../../riscv-none-embed/lib/rv32imacxw/ilp32\libg_nano.a(lib_a-stdio.o)
                0x00000000000033d0                __sread
 .text.__seofread
                0x00000000000033fe        0x4 d:/mounriver/mounriver_studio2/resources/app/resources/win32/components/wch/toolchain/risc-v embedded gcc/bin/../lib/gcc/riscv-none-embed/8.2.0/../../../../riscv-none-embed/lib/rv32imacxw/ilp32\libg_nano.a(lib_a-stdio.o)
                0x00000000000033fe                __seofread
 .text.__swrite
                0x0000000000003402       0x48 d:/mounriver/mounriver_studio2/resources/app/resources/win32/components/wch/toolchain/risc-v embedded gcc/bin/../lib/gcc/riscv-none-embed/8.2.0/../../../../riscv-none-embed/lib/rv32imacxw/ilp32\libg_nano.a(lib_a-stdio.o)
                0x0000000000003402                __swrite
 .text.__sseek  0x000000000000344a       0x30 d:/mounriver/mounriver_studio2/resources/app/resources/win32/components/wch/toolchain/risc-v embedded gcc/bin/../lib/gcc/riscv-none-embed/8.2.0/../../../../riscv-none-embed/lib/rv32imacxw/ilp32\libg_nano.a(lib_a-stdio.o)
                0x000000000000344a                __sseek
 .text.__sclose
                0x000000000000347a        0x6 d:/mounriver/mounriver_studio2/resources/app/resources/win32/components/wch/toolchain/risc-v embedded gcc/bin/../lib/gcc/riscv-none-embed/8.2.0/../../../../riscv-none-embed/lib/rv32imacxw/ilp32\libg_nano.a(lib_a-stdio.o)
                0x000000000000347a                __sclose
 .text.strchr   0x0000000000003480       0x18 d:/mounriver/mounriver_studio2/resources/app/resources/win32/components/wch/toolchain/risc-v embedded gcc/bin/../lib/gcc/riscv-none-embed/8.2.0/../../../../riscv-none-embed/lib/rv32imacxw/ilp32\libg_nano.a(lib_a-strchr.o)
                0x0000000000003480                strchr
 .text.strlen   0x0000000000003498       0x12 d:/mounriver/mounriver_studio2/resources/app/resources/win32/components/wch/toolchain/risc-v embedded gcc/bin/../lib/gcc/riscv-none-embed/8.2.0/../../../../riscv-none-embed/lib/rv32imacxw/ilp32\libg_nano.a(lib_a-strlen.o)
                0x0000000000003498                strlen
 .text.strncmp  0x00000000000034aa       0x28 d:/mounriver/mounriver_studio2/resources/app/resources/win32/components/wch/toolchain/risc-v embedded gcc/bin/../lib/gcc/riscv-none-embed/8.2.0/../../../../riscv-none-embed/lib/rv32imacxw/ilp32\libg_nano.a(lib_a-strncmp.o)
                0x00000000000034aa                strncmp
 .text.strstr   0x00000000000034d2       0x34 d:/mounriver/mounriver_studio2/resources/app/resources/win32/components/wch/toolchain/risc-v embedded gcc/bin/../lib/gcc/riscv-none-embed/8.2.0/../../../../riscv-none-embed/lib/rv32imacxw/ilp32\libg_nano.a(lib_a-strstr.o)
                0x00000000000034d2                strstr
 .text.__swbuf_r
                0x0000000000003506       0xbc d:/mounriver/mounriver_studio2/resources/app/resources/win32/components/wch/toolchain/risc-v embedded gcc/bin/../lib/gcc/riscv-none-embed/8.2.0/../../../../riscv-none-embed/lib/rv32imacxw/ilp32\libg_nano.a(lib_a-wbuf.o)
                0x0000000000003506                __swbuf_r
 .text._write_r
                0x00000000000035c2       0x2e d:/mounriver/mounriver_studio2/resources/app/resources/win32/components/wch/toolchain/risc-v embedded gcc/bin/../lib/gcc/riscv-none-embed/8.2.0/../../../../riscv-none-embed/lib/rv32imacxw/ilp32\libg_nano.a(lib_a-writer.o)
                0x00000000000035c2                _write_r
 .text.__swsetup_r
                0x00000000000035f0       0xfc d:/mounriver/mounriver_studio2/resources/app/resources/win32/components/wch/toolchain/risc-v embedded gcc/bin/../lib/gcc/riscv-none-embed/8.2.0/../../../../riscv-none-embed/lib/rv32imacxw/ilp32\libg_nano.a(lib_a-wsetup.o)
                0x00000000000035f0                __swsetup_r
 .text._close_r
                0x00000000000036ec       0x2a d:/mounriver/mounriver_studio2/resources/app/resources/win32/components/wch/toolchain/risc-v embedded gcc/bin/../lib/gcc/riscv-none-embed/8.2.0/../../../../riscv-none-embed/lib/rv32imacxw/ilp32\libg_nano.a(lib_a-closer.o)
                0x00000000000036ec                _close_r
 .text.__sflush_r
                0x0000000000003716      0x130 d:/mounriver/mounriver_studio2/resources/app/resources/win32/components/wch/toolchain/risc-v embedded gcc/bin/../lib/gcc/riscv-none-embed/8.2.0/../../../../riscv-none-embed/lib/rv32imacxw/ilp32\libg_nano.a(lib_a-fflush.o)
                0x0000000000003716                __sflush_r
 .text._fflush_r
                0x0000000000003846       0x66 d:/mounriver/mounriver_studio2/resources/app/resources/win32/components/wch/toolchain/risc-v embedded gcc/bin/../lib/gcc/riscv-none-embed/8.2.0/../../../../riscv-none-embed/lib/rv32imacxw/ilp32\libg_nano.a(lib_a-fflush.o)
                0x0000000000003846                _fflush_r
 .text.std      0x00000000000038ac       0x66 d:/mounriver/mounriver_studio2/resources/app/resources/win32/components/wch/toolchain/risc-v embedded gcc/bin/../lib/gcc/riscv-none-embed/8.2.0/../../../../riscv-none-embed/lib/rv32imacxw/ilp32\libg_nano.a(lib_a-findfp.o)
 .text._cleanup_r
                0x0000000000003912        0xa d:/mounriver/mounriver_studio2/resources/app/resources/win32/components/wch/toolchain/risc-v embedded gcc/bin/../lib/gcc/riscv-none-embed/8.2.0/../../../../riscv-none-embed/lib/rv32imacxw/ilp32\libg_nano.a(lib_a-findfp.o)
                0x0000000000003912                _cleanup_r
 .text.__sfmoreglue
                0x000000000000391c       0x46 d:/mounriver/mounriver_studio2/resources/app/resources/win32/components/wch/toolchain/risc-v embedded gcc/bin/../lib/gcc/riscv-none-embed/8.2.0/../../../../riscv-none-embed/lib/rv32imacxw/ilp32\libg_nano.a(lib_a-findfp.o)
                0x000000000000391c                __sfmoreglue
 .text.__sinit  0x0000000000003962       0x6c d:/mounriver/mounriver_studio2/resources/app/resources/win32/components/wch/toolchain/risc-v embedded gcc/bin/../lib/gcc/riscv-none-embed/8.2.0/../../../../riscv-none-embed/lib/rv32imacxw/ilp32\libg_nano.a(lib_a-findfp.o)
                0x0000000000003962                __sinit
 .text.__sfp    0x00000000000039ce       0xa0 d:/mounriver/mounriver_studio2/resources/app/resources/win32/components/wch/toolchain/risc-v embedded gcc/bin/../lib/gcc/riscv-none-embed/8.2.0/../../../../riscv-none-embed/lib/rv32imacxw/ilp32\libg_nano.a(lib_a-findfp.o)
                0x00000000000039ce                __sfp
 .text._fwalk_reent
                0x0000000000003a6e       0x6a d:/mounriver/mounriver_studio2/resources/app/resources/win32/components/wch/toolchain/risc-v embedded gcc/bin/../lib/gcc/riscv-none-embed/8.2.0/../../../../riscv-none-embed/lib/rv32imacxw/ilp32\libg_nano.a(lib_a-fwalk.o)
                0x0000000000003a6e                _fwalk_reent
 .text._lseek_r
                0x0000000000003ad8       0x2e d:/mounriver/mounriver_studio2/resources/app/resources/win32/components/wch/toolchain/risc-v embedded gcc/bin/../lib/gcc/riscv-none-embed/8.2.0/../../../../riscv-none-embed/lib/rv32imacxw/ilp32\libg_nano.a(lib_a-lseekr.o)
                0x0000000000003ad8                _lseek_r
 .text.__swhatbuf_r
                0x0000000000003b06       0x58 d:/mounriver/mounriver_studio2/resources/app/resources/win32/components/wch/toolchain/risc-v embedded gcc/bin/../lib/gcc/riscv-none-embed/8.2.0/../../../../riscv-none-embed/lib/rv32imacxw/ilp32\libg_nano.a(lib_a-makebuf.o)
                0x0000000000003b06                __swhatbuf_r
 .text.__smakebuf_r
                0x0000000000003b5e       0x92 d:/mounriver/mounriver_studio2/resources/app/resources/win32/components/wch/toolchain/risc-v embedded gcc/bin/../lib/gcc/riscv-none-embed/8.2.0/../../../../riscv-none-embed/lib/rv32imacxw/ilp32\libg_nano.a(lib_a-makebuf.o)
                0x0000000000003b5e                __smakebuf_r
 .text._free_r  0x0000000000003bf0       0xa8 d:/mounriver/mounriver_studio2/resources/app/resources/win32/components/wch/toolchain/risc-v embedded gcc/bin/../lib/gcc/riscv-none-embed/8.2.0/../../../../riscv-none-embed/lib/rv32imacxw/ilp32\libg_nano.a(lib_a-nano-freer.o)
                0x0000000000003bf0                _free_r
 .text._malloc_r
                0x0000000000003c98       0xda d:/mounriver/mounriver_studio2/resources/app/resources/win32/components/wch/toolchain/risc-v embedded gcc/bin/../lib/gcc/riscv-none-embed/8.2.0/../../../../riscv-none-embed/lib/rv32imacxw/ilp32\libg_nano.a(lib_a-nano-mallocr.o)
                0x0000000000003c98                _malloc_r
 .text.__ssputs_r
                0x0000000000003d72       0xe4 d:/mounriver/mounriver_studio2/resources/app/resources/win32/components/wch/toolchain/risc-v embedded gcc/bin/../lib/gcc/riscv-none-embed/8.2.0/../../../../riscv-none-embed/lib/rv32imacxw/ilp32\libg_nano.a(lib_a-nano-svfprintf.o)
                0x0000000000003d72                __ssputs_r
 .text._svfprintf_r
                0x0000000000003e56      0x26a d:/mounriver/mounriver_studio2/resources/app/resources/win32/components/wch/toolchain/risc-v embedded gcc/bin/../lib/gcc/riscv-none-embed/8.2.0/../../../../riscv-none-embed/lib/rv32imacxw/ilp32\libg_nano.a(lib_a-nano-svfprintf.o)
                0x0000000000003e56                _svfiprintf_r
                0x0000000000003e56                _svfprintf_r
 .text._sungetc_r
                0x00000000000040c0       0x96 d:/mounriver/mounriver_studio2/resources/app/resources/win32/components/wch/toolchain/risc-v embedded gcc/bin/../lib/gcc/riscv-none-embed/8.2.0/../../../../riscv-none-embed/lib/rv32imacxw/ilp32\libg_nano.a(lib_a-nano-svfscanf.o)
                0x00000000000040c0                _sungetc_r
 .text.__ssrefill_r
                0x0000000000004156       0x44 d:/mounriver/mounriver_studio2/resources/app/resources/win32/components/wch/toolchain/risc-v embedded gcc/bin/../lib/gcc/riscv-none-embed/8.2.0/../../../../riscv-none-embed/lib/rv32imacxw/ilp32\libg_nano.a(lib_a-nano-svfscanf.o)
                0x0000000000004156                __ssrefill_r
 .text.__ssvfscanf_r
                0x000000000000419a      0x3a4 d:/mounriver/mounriver_studio2/resources/app/resources/win32/components/wch/toolchain/risc-v embedded gcc/bin/../lib/gcc/riscv-none-embed/8.2.0/../../../../riscv-none-embed/lib/rv32imacxw/ilp32\libg_nano.a(lib_a-nano-svfscanf.o)
                0x000000000000419a                __ssvfiscanf_r
                0x000000000000419a                __ssvfscanf_r
 .text._printf_common
                0x000000000000453e      0x10c d:/mounriver/mounriver_studio2/resources/app/resources/win32/components/wch/toolchain/risc-v embedded gcc/bin/../lib/gcc/riscv-none-embed/8.2.0/../../../../riscv-none-embed/lib/rv32imacxw/ilp32\libg_nano.a(lib_a-nano-vfprintf_i.o)
                0x000000000000453e                _printf_common
 .text._printf_i
                0x000000000000464a      0x2a4 d:/mounriver/mounriver_studio2/resources/app/resources/win32/components/wch/toolchain/risc-v embedded gcc/bin/../lib/gcc/riscv-none-embed/8.2.0/../../../../riscv-none-embed/lib/rv32imacxw/ilp32\libg_nano.a(lib_a-nano-vfprintf_i.o)
                0x000000000000464a                _printf_i
 .text._scanf_chars
                0x00000000000048ee       0xe0 d:/mounriver/mounriver_studio2/resources/app/resources/win32/components/wch/toolchain/risc-v embedded gcc/bin/../lib/gcc/riscv-none-embed/8.2.0/../../../../riscv-none-embed/lib/rv32imacxw/ilp32\libg_nano.a(lib_a-nano-vfscanf_i.o)
                0x00000000000048ee                _scanf_chars
 .text._scanf_i
                0x00000000000049ce      0x256 d:/mounriver/mounriver_studio2/resources/app/resources/win32/components/wch/toolchain/risc-v embedded gcc/bin/../lib/gcc/riscv-none-embed/8.2.0/../../../../riscv-none-embed/lib/rv32imacxw/ilp32\libg_nano.a(lib_a-nano-vfscanf_i.o)
                0x00000000000049ce                _scanf_i
 .text._read_r  0x0000000000004c24       0x2c d:/mounriver/mounriver_studio2/resources/app/resources/win32/components/wch/toolchain/risc-v embedded gcc/bin/../lib/gcc/riscv-none-embed/8.2.0/../../../../riscv-none-embed/lib/rv32imacxw/ilp32\libg_nano.a(lib_a-readr.o)
                0x0000000000004c24                _read_r
 .text._sbrk_r  0x0000000000004c50       0x2a d:/mounriver/mounriver_studio2/resources/app/resources/win32/components/wch/toolchain/risc-v embedded gcc/bin/../lib/gcc/riscv-none-embed/8.2.0/../../../../riscv-none-embed/lib/rv32imacxw/ilp32\libg_nano.a(lib_a-sbrkr.o)
                0x0000000000004c50                _sbrk_r
 .text.__sccl   0x0000000000004c7a       0x82 d:/mounriver/mounriver_studio2/resources/app/resources/win32/components/wch/toolchain/risc-v embedded gcc/bin/../lib/gcc/riscv-none-embed/8.2.0/../../../../riscv-none-embed/lib/rv32imacxw/ilp32\libg_nano.a(lib_a-sccl.o)
                0x0000000000004c7a                __sccl
 .text._strtol_l.isra.0
                0x0000000000004cfc      0x138 d:/mounriver/mounriver_studio2/resources/app/resources/win32/components/wch/toolchain/risc-v embedded gcc/bin/../lib/gcc/riscv-none-embed/8.2.0/../../../../riscv-none-embed/lib/rv32imacxw/ilp32\libg_nano.a(lib_a-strtol.o)
 .text._strtol_r
                0x0000000000004e34       0x16 d:/mounriver/mounriver_studio2/resources/app/resources/win32/components/wch/toolchain/risc-v embedded gcc/bin/../lib/gcc/riscv-none-embed/8.2.0/../../../../riscv-none-embed/lib/rv32imacxw/ilp32\libg_nano.a(lib_a-strtol.o)
                0x0000000000004e34                _strtol_r
 .text._strtoul_l.isra.0
                0x0000000000004e4a      0x12e d:/mounriver/mounriver_studio2/resources/app/resources/win32/components/wch/toolchain/risc-v embedded gcc/bin/../lib/gcc/riscv-none-embed/8.2.0/../../../../riscv-none-embed/lib/rv32imacxw/ilp32\libg_nano.a(lib_a-strtoul.o)
 .text._strtoul_r
                0x0000000000004f78       0x16 d:/mounriver/mounriver_studio2/resources/app/resources/win32/components/wch/toolchain/risc-v embedded gcc/bin/../lib/gcc/riscv-none-embed/8.2.0/../../../../riscv-none-embed/lib/rv32imacxw/ilp32\libg_nano.a(lib_a-strtoul.o)
                0x0000000000004f78                _strtoul_r
 .text.__submore
                0x0000000000004f8e       0x84 d:/mounriver/mounriver_studio2/resources/app/resources/win32/components/wch/toolchain/risc-v embedded gcc/bin/../lib/gcc/riscv-none-embed/8.2.0/../../../../riscv-none-embed/lib/rv32imacxw/ilp32\libg_nano.a(lib_a-ungetc.o)
                0x0000000000004f8e                __submore
 .text._fstat_r
                0x0000000000005012       0x2a d:/mounriver/mounriver_studio2/resources/app/resources/win32/components/wch/toolchain/risc-v embedded gcc/bin/../lib/gcc/riscv-none-embed/8.2.0/../../../../riscv-none-embed/lib/rv32imacxw/ilp32\libg_nano.a(lib_a-fstatr.o)
                0x0000000000005012                _fstat_r
 .text._isatty_r
                0x000000000000503c       0x28 d:/mounriver/mounriver_studio2/resources/app/resources/win32/components/wch/toolchain/risc-v embedded gcc/bin/../lib/gcc/riscv-none-embed/8.2.0/../../../../riscv-none-embed/lib/rv32imacxw/ilp32\libg_nano.a(lib_a-isattyr.o)
                0x000000000000503c                _isatty_r
 .text.__locale_ctype_ptr_l
                0x0000000000005064        0x6 d:/mounriver/mounriver_studio2/resources/app/resources/win32/components/wch/toolchain/risc-v embedded gcc/bin/../lib/gcc/riscv-none-embed/8.2.0/../../../../riscv-none-embed/lib/rv32imacxw/ilp32\libg_nano.a(lib_a-locale.o)
                0x0000000000005064                __locale_ctype_ptr_l
 .text.__locale_ctype_ptr
                0x000000000000506a       0x18 d:/mounriver/mounriver_studio2/resources/app/resources/win32/components/wch/toolchain/risc-v embedded gcc/bin/../lib/gcc/riscv-none-embed/8.2.0/../../../../riscv-none-embed/lib/rv32imacxw/ilp32\libg_nano.a(lib_a-locale.o)
                0x000000000000506a                __locale_ctype_ptr
 .text.__ascii_mbtowc
                0x0000000000005082       0x32 d:/mounriver/mounriver_studio2/resources/app/resources/win32/components/wch/toolchain/risc-v embedded gcc/bin/../lib/gcc/riscv-none-embed/8.2.0/../../../../riscv-none-embed/lib/rv32imacxw/ilp32\libg_nano.a(lib_a-mbtowc_r.o)
                0x0000000000005082                __ascii_mbtowc
 .text.memchr   0x00000000000050b4       0x18 d:/mounriver/mounriver_studio2/resources/app/resources/win32/components/wch/toolchain/risc-v embedded gcc/bin/../lib/gcc/riscv-none-embed/8.2.0/../../../../riscv-none-embed/lib/rv32imacxw/ilp32\libg_nano.a(lib_a-memchr.o)
                0x00000000000050b4                memchr
 .text.memmove  0x00000000000050cc       0x46 d:/mounriver/mounriver_studio2/resources/app/resources/win32/components/wch/toolchain/risc-v embedded gcc/bin/../lib/gcc/riscv-none-embed/8.2.0/../../../../riscv-none-embed/lib/rv32imacxw/ilp32\libg_nano.a(lib_a-memmove.o)
                0x00000000000050cc                memmove
 .text.__malloc_lock
                0x0000000000005112        0x2 d:/mounriver/mounriver_studio2/resources/app/resources/win32/components/wch/toolchain/risc-v embedded gcc/bin/../lib/gcc/riscv-none-embed/8.2.0/../../../../riscv-none-embed/lib/rv32imacxw/ilp32\libg_nano.a(lib_a-mlock.o)
                0x0000000000005112                __malloc_lock
 .text.__malloc_unlock
                0x0000000000005114        0x2 d:/mounriver/mounriver_studio2/resources/app/resources/win32/components/wch/toolchain/risc-v embedded gcc/bin/../lib/gcc/riscv-none-embed/8.2.0/../../../../riscv-none-embed/lib/rv32imacxw/ilp32\libg_nano.a(lib_a-mlock.o)
                0x0000000000005114                __malloc_unlock
 .text._realloc_r
                0x0000000000005116       0x58 d:/mounriver/mounriver_studio2/resources/app/resources/win32/components/wch/toolchain/risc-v embedded gcc/bin/../lib/gcc/riscv-none-embed/8.2.0/../../../../riscv-none-embed/lib/rv32imacxw/ilp32\libg_nano.a(lib_a-nano-reallocr.o)
                0x0000000000005116                _realloc_r
 .text.__ascii_wctomb
                0x000000000000516e       0x1e d:/mounriver/mounriver_studio2/resources/app/resources/win32/components/wch/toolchain/risc-v embedded gcc/bin/../lib/gcc/riscv-none-embed/8.2.0/../../../../riscv-none-embed/lib/rv32imacxw/ilp32\libg_nano.a(lib_a-wctomb_r.o)
                0x000000000000516e                __ascii_wctomb
 .text._malloc_usable_size_r
                0x000000000000518c       0x14 d:/mounriver/mounriver_studio2/resources/app/resources/win32/components/wch/toolchain/risc-v embedded gcc/bin/../lib/gcc/riscv-none-embed/8.2.0/../../../../riscv-none-embed/lib/rv32imacxw/ilp32\libg_nano.a(lib_a-nano-msizer.o)
                0x000000000000518c                _malloc_usable_size_r
 .text._close   0x00000000000051a0        0xc d:/mounriver/mounriver_studio2/resources/app/resources/win32/components/wch/toolchain/risc-v embedded gcc/bin/../lib/gcc/riscv-none-embed/8.2.0/../../../../riscv-none-embed/lib/rv32imacxw/ilp32\libnosys.a(close.o)
                0x00000000000051a0                _close
 .text._fstat   0x00000000000051ac        0xc d:/mounriver/mounriver_studio2/resources/app/resources/win32/components/wch/toolchain/risc-v embedded gcc/bin/../lib/gcc/riscv-none-embed/8.2.0/../../../../riscv-none-embed/lib/rv32imacxw/ilp32\libnosys.a(fstat.o)
                0x00000000000051ac                _fstat
 .text._isatty  0x00000000000051b8        0xc d:/mounriver/mounriver_studio2/resources/app/resources/win32/components/wch/toolchain/risc-v embedded gcc/bin/../lib/gcc/riscv-none-embed/8.2.0/../../../../riscv-none-embed/lib/rv32imacxw/ilp32\libnosys.a(isatty.o)
                0x00000000000051b8                _isatty
 .text._lseek   0x00000000000051c4        0xc d:/mounriver/mounriver_studio2/resources/app/resources/win32/components/wch/toolchain/risc-v embedded gcc/bin/../lib/gcc/riscv-none-embed/8.2.0/../../../../riscv-none-embed/lib/rv32imacxw/ilp32\libnosys.a(lseek.o)
                0x00000000000051c4                _lseek
 .text._read    0x00000000000051d0        0xc d:/mounriver/mounriver_studio2/resources/app/resources/win32/components/wch/toolchain/risc-v embedded gcc/bin/../lib/gcc/riscv-none-embed/8.2.0/../../../../riscv-none-embed/lib/rv32imacxw/ilp32\libnosys.a(read.o)
                0x00000000000051d0                _read
 *(.rodata)
 *fill*         0x00000000000051dc        0x0 
 .rodata        0x00000000000051dc       0x38 ./Driver/as608.o
 *(.rodata*)
 .rodata.esp8266_proc
                0x0000000000005214       0x20 ./User/main.o
 .rodata.key_proc
                0x0000000000005234       0x58 ./User/main.o
 .rodata.USART2_IRQHandler
                0x000000000000528c       0x2c ./User/main.o
 .rodata.esp8266_proc.str1.4
                0x00000000000052b8      0x198 ./User/main.o
 .rodata.gImage_2
                0x0000000000005450     0x8000 ./User/main.o
                0x0000000000005450                gImage_2
 .rodata.lcd_proc.str1.4
                0x000000000000d450       0x3c ./User/main.o
 .rodata.main.str1.4
                0x000000000000d48c       0x1d ./User/main.o
 *fill*         0x000000000000d4a9        0x3 
 .rodata.extract_command_name.str1.4
                0x000000000000d4ac       0x10 ./Driver/esp8266.o
 .rodata.extract_param_bool.str1.4
                0x000000000000d4bc       0x16 ./Driver/esp8266.o
 .rodata.extract_param_int.str1.4
                0x000000000000d4d2       0x16 ./Driver/esp8266.o
                                          0x3 (size before relaxing)
 *fill*         0x000000000000d4d2        0x2 
 .rodata.extract_param_string.str1.4
                0x000000000000d4d4        0x7 ./Driver/esp8266.o
 *fill*         0x000000000000d4db        0x1 
 .rodata.extract_request_id.str1.4
                0x000000000000d4dc        0xc ./Driver/esp8266.o
 .rodata.my_mqtt_line_handler.str1.4
                0x000000000000d4e8      0x12b ./Driver/esp8266.o
 *fill*         0x000000000000d613        0x1 
 .rodata.ascii_1608
                0x000000000000d614      0x5f0 ./Driver/lcd.o
                0x000000000000d614                ascii_1608
 .rodata.ascii_3216
                0x000000000000dc04     0x17c0 ./Driver/lcd.o
                0x000000000000dc04                ascii_3216
 .rodata.tfont16
                0x000000000000f3c4      0x3fc ./Driver/lcd.o
                0x000000000000f3c4                tfont16
 .rodata.uart6_check_line.str1.4
                0x000000000000f7c0        0xe ./Driver/uart.o
 *fill*         0x000000000000f7ce        0x2 
 .rodata.__sf_fake_stderr
                0x000000000000f7d0       0x20 d:/mounriver/mounriver_studio2/resources/app/resources/win32/components/wch/toolchain/risc-v embedded gcc/bin/../lib/gcc/riscv-none-embed/8.2.0/../../../../riscv-none-embed/lib/rv32imacxw/ilp32\libg_nano.a(lib_a-findfp.o)
                0x000000000000f7d0                __sf_fake_stderr
 .rodata.__sf_fake_stdin
                0x000000000000f7f0       0x20 d:/mounriver/mounriver_studio2/resources/app/resources/win32/components/wch/toolchain/risc-v embedded gcc/bin/../lib/gcc/riscv-none-embed/8.2.0/../../../../riscv-none-embed/lib/rv32imacxw/ilp32\libg_nano.a(lib_a-findfp.o)
                0x000000000000f7f0                __sf_fake_stdin
 .rodata.__sf_fake_stdout
                0x000000000000f810       0x20 d:/mounriver/mounriver_studio2/resources/app/resources/win32/components/wch/toolchain/risc-v embedded gcc/bin/../lib/gcc/riscv-none-embed/8.2.0/../../../../riscv-none-embed/lib/rv32imacxw/ilp32\libg_nano.a(lib_a-findfp.o)
                0x000000000000f810                __sf_fake_stdout
 .rodata._svfprintf_r.str1.4
                0x000000000000f830       0x13 d:/mounriver/mounriver_studio2/resources/app/resources/win32/components/wch/toolchain/risc-v embedded gcc/bin/../lib/gcc/riscv-none-embed/8.2.0/../../../../riscv-none-embed/lib/rv32imacxw/ilp32\libg_nano.a(lib_a-nano-svfprintf.o)
 .rodata.__ssvfscanf_r.str1.4
                0x000000000000f843        0x4 d:/mounriver/mounriver_studio2/resources/app/resources/win32/components/wch/toolchain/risc-v embedded gcc/bin/../lib/gcc/riscv-none-embed/8.2.0/../../../../riscv-none-embed/lib/rv32imacxw/ilp32\libg_nano.a(lib_a-nano-svfscanf.o)
 *fill*         0x000000000000f843        0x1 
 .rodata._printf_i.str1.4
                0x000000000000f844       0x25 d:/mounriver/mounriver_studio2/resources/app/resources/win32/components/wch/toolchain/risc-v embedded gcc/bin/../lib/gcc/riscv-none-embed/8.2.0/../../../../riscv-none-embed/lib/rv32imacxw/ilp32\libg_nano.a(lib_a-nano-vfprintf_i.o)
 *fill*         0x000000000000f869        0x3 
 .rodata._scanf_i.str1.4
                0x000000000000f86c       0x12 d:/mounriver/mounriver_studio2/resources/app/resources/win32/components/wch/toolchain/risc-v embedded gcc/bin/../lib/gcc/riscv-none-embed/8.2.0/../../../../riscv-none-embed/lib/rv32imacxw/ilp32\libg_nano.a(lib_a-nano-vfscanf_i.o)
 *fill*         0x000000000000f87e        0x2 
 .rodata.str1.4
                0x000000000000f880        0xb d:/mounriver/mounriver_studio2/resources/app/resources/win32/components/wch/toolchain/risc-v embedded gcc/bin/../lib/gcc/riscv-none-embed/8.2.0/../../../../riscv-none-embed/lib/rv32imacxw/ilp32\libg_nano.a(lib_a-nano-vfscanf_i.o)
 *fill*         0x000000000000f88b        0x1 
 .rodata._setlocale_r.str1.4
                0x000000000000f88c        0xa d:/mounriver/mounriver_studio2/resources/app/resources/win32/components/wch/toolchain/risc-v embedded gcc/bin/../lib/gcc/riscv-none-embed/8.2.0/../../../../riscv-none-embed/lib/rv32imacxw/ilp32\libg_nano.a(lib_a-locale.o)
                                          0xd (size before relaxing)
 *fill*         0x000000000000f896        0x2 
 .rodata.str1.4
                0x000000000000f898        0x4 d:/mounriver/mounriver_studio2/resources/app/resources/win32/components/wch/toolchain/risc-v embedded gcc/bin/../lib/gcc/riscv-none-embed/8.2.0/../../../../riscv-none-embed/lib/rv32imacxw/ilp32\libg_nano.a(lib_a-locale.o)
                                          0x2 (size before relaxing)
 .rodata._ctype_
                0x000000000000f89c      0x101 d:/mounriver/mounriver_studio2/resources/app/resources/win32/components/wch/toolchain/risc-v embedded gcc/bin/../lib/gcc/riscv-none-embed/8.2.0/../../../../riscv-none-embed/lib/rv32imacxw/ilp32\libg_nano.a(lib_a-ctype_.o)
                0x000000000000f89c                _ctype_
 *(.gnu.linkonce.t.*)
                0x000000000000f9a0                . = ALIGN (0x4)
 *fill*         0x000000000000f99d        0x3 

.rela.dyn       0x000000000000f9a0        0x0
 .rela.init     0x000000000000f9a0        0x0 ./User/ch32v30x_it.o
 .rela.vector   0x000000000000f9a0        0x0 ./User/ch32v30x_it.o
 .rela.text.handle_reset
                0x000000000000f9a0        0x0 ./User/ch32v30x_it.o
 .rela.text._sbrk
                0x000000000000f9a0        0x0 ./User/ch32v30x_it.o
 .rela.sdata.curbrk.5284
                0x000000000000f9a0        0x0 ./User/ch32v30x_it.o
 .rela.text._write_r
                0x000000000000f9a0        0x0 ./User/ch32v30x_it.o
 .rela.text._close_r
                0x000000000000f9a0        0x0 ./User/ch32v30x_it.o
 .rela.text._lseek_r
                0x000000000000f9a0        0x0 ./User/ch32v30x_it.o
 .rela.text._svfprintf_r
                0x000000000000f9a0        0x0 ./User/ch32v30x_it.o
 .rela.text.__ssvfscanf_r
                0x000000000000f9a0        0x0 ./User/ch32v30x_it.o
 .rela.text._read_r
                0x000000000000f9a0        0x0 ./User/ch32v30x_it.o
 .rela.text._sbrk_r
                0x000000000000f9a0        0x0 ./User/ch32v30x_it.o
 .rela.text._fstat_r
                0x000000000000f9a0        0x0 ./User/ch32v30x_it.o
 .rela.text._isatty_r
                0x000000000000f9a0        0x0 ./User/ch32v30x_it.o
 .rela.text._close
                0x000000000000f9a0        0x0 ./User/ch32v30x_it.o
 .rela.text._fstat
                0x000000000000f9a0        0x0 ./User/ch32v30x_it.o
 .rela.text._isatty
                0x000000000000f9a0        0x0 ./User/ch32v30x_it.o
 .rela.text._lseek
                0x000000000000f9a0        0x0 ./User/ch32v30x_it.o
 .rela.text._read
                0x000000000000f9a0        0x0 ./User/ch32v30x_it.o

.fini           0x000000000000f9a0        0x0
 *(SORT_NONE(.fini))
                0x000000000000f9a0                . = ALIGN (0x4)
                [!provide]                        PROVIDE (_etext = .)
                [!provide]                        PROVIDE (_eitcm = .)

.preinit_array  0x000000000000f9a0        0x0
                [!provide]                        PROVIDE (__preinit_array_start = .)
 *(.preinit_array)
                [!provide]                        PROVIDE (__preinit_array_end = .)

.init_array     0x000000000000f9a0        0x0
                [!provide]                        PROVIDE (__init_array_start = .)
 *(SORT_BY_INIT_PRIORITY(.init_array.*) SORT_BY_INIT_PRIORITY(.ctors.*))
 *(.init_array EXCLUDE_FILE(*crtend?.o *crtend.o *crtbegin?.o *crtbegin.o) .ctors)
                [!provide]                        PROVIDE (__init_array_end = .)

.fini_array     0x000000000000f9a0        0x0
                [!provide]                        PROVIDE (__fini_array_start = .)
 *(SORT_BY_INIT_PRIORITY(.fini_array.*) SORT_BY_INIT_PRIORITY(.dtors.*))
 *(.fini_array EXCLUDE_FILE(*crtend?.o *crtend.o *crtbegin?.o *crtbegin.o) .dtors)
                [!provide]                        PROVIDE (__fini_array_end = .)

.ctors
 *crtbegin.o(.ctors)
 *crtbegin?.o(.ctors)
 *(EXCLUDE_FILE(*crtend?.o *crtend.o) .ctors)
 *(SORT_BY_NAME(.ctors.*))
 *(.ctors)

.dtors
 *crtbegin.o(.dtors)
 *crtbegin?.o(.dtors)
 *(EXCLUDE_FILE(*crtend?.o *crtend.o) .dtors)
 *(SORT_BY_NAME(.dtors.*))
 *(.dtors)

.dalign         0x0000000020000000        0x0 load address 0x000000000000f9a0
                0x0000000020000000                . = ALIGN (0x4)
                0x0000000020000000                PROVIDE (_data_vma = .)

.dlalign        0x000000000000f9a0        0x0
                0x000000000000f9a0                . = ALIGN (0x4)
                0x000000000000f9a0                PROVIDE (_data_lma = .)

.data           0x0000000020000000      0x4d0 load address 0x000000000000f9a0
 *(.gnu.linkonce.r.*)
 *(.data .data.*)
 .data.scheduler_task
                0x0000000020000000       0x48 ./User/main.o
                0x0000000020000000                scheduler_task
 .data.AHBPrescTable
                0x0000000020000048       0x10 ./User/system_ch32v30x.o
                0x0000000020000048                AHBPrescTable
 .data.APBAHBPrescTable
                0x0000000020000058       0x10 ./Peripheral/src/ch32v30x_rcc.o
 .data.string1  0x0000000020000068        0x9 ./Driver/esp8266.o
                0x0000000020000068                string1
 *fill*         0x0000000020000071        0x3 
 .data.string2  0x0000000020000074        0xe ./Driver/esp8266.o
                0x0000000020000074                string2
 *fill*         0x0000000020000082        0x2 
 .data.string3  0x0000000020000084       0x10 ./Driver/esp8266.o
                0x0000000020000084                string3
 .data.string4  0x0000000020000094       0x1d ./Driver/esp8266.o
                0x0000000020000094                string4
 *fill*         0x00000000200000b1        0x3 
 .data.string5  0x00000000200000b4       0x8a ./Driver/esp8266.o
                0x00000000200000b4                string5
 *fill*         0x000000002000013e        0x2 
 .data.string6  0x0000000020000140       0x52 ./Driver/esp8266.o
                0x0000000020000140                string6
 *fill*         0x0000000020000192        0x2 
 .data.string7  0x0000000020000194       0x3a ./Driver/esp8266.o
                0x0000000020000194                string7
 *fill*         0x00000000200001ce        0x2 
 .data.string8  0x00000000200001d0       0x41 ./Driver/esp8266.o
                0x00000000200001d0                string8
 *fill*         0x0000000020000211        0x3 
 .data.string9  0x0000000020000214       0xbc ./Driver/esp8266.o
                0x0000000020000214                string9
 .data.impure_data
                0x00000000200002d0       0x60 d:/mounriver/mounriver_studio2/resources/app/resources/win32/components/wch/toolchain/risc-v embedded gcc/bin/../lib/gcc/riscv-none-embed/8.2.0/../../../../riscv-none-embed/lib/rv32imacxw/ilp32\libg_nano.a(lib_a-impure.o)
 .data.__global_locale
                0x0000000020000330      0x16c d:/mounriver/mounriver_studio2/resources/app/resources/win32/components/wch/toolchain/risc-v embedded gcc/bin/../lib/gcc/riscv-none-embed/8.2.0/../../../../riscv-none-embed/lib/rv32imacxw/ilp32\libg_nano.a(lib_a-locale.o)
                0x0000000020000330                __global_locale
 *(.gnu.linkonce.d.*)
                0x00000000200004a0                . = ALIGN (0x8)
 *fill*         0x000000002000049c        0x4 
                0x0000000020000ca0                PROVIDE (__global_pointer$ = (. + 0x800))
 *(.sdata .sdata.*)
 .sdata.as608_store_index
                0x00000000200004a0        0x1 ./User/main.o
                0x00000000200004a0                as608_store_index
 *fill*         0x00000000200004a1        0x3 
 .sdata.key_temp
                0x00000000200004a4        0x7 ./User/main.o
                0x00000000200004a4                key_temp
 .sdata.lock_flag
                0x00000000200004ab        0x1 ./User/main.o
                0x00000000200004ab                lock_flag
 .sdata.password
                0x00000000200004ac        0x6 ./User/main.o
                0x00000000200004ac                password
 *fill*         0x00000000200004b2        0x2 
 .sdata.password_cmd
                0x00000000200004b4        0x6 ./User/main.o
                0x00000000200004b4                password_cmd
 .sdata.time30s
                0x00000000200004ba        0x2 ./User/main.o
                0x00000000200004ba                time30s
 .sdata.SystemCoreClock
                0x00000000200004bc        0x4 ./User/system_ch32v30x.o
                0x00000000200004bc                SystemCoreClock
 .sdata.ADCPrescTable
                0x00000000200004c0        0x4 ./Peripheral/src/ch32v30x_rcc.o
 .sdata.curbrk.5284
                0x00000000200004c4        0x4 ./Debug/debug.o
 .sdata._impure_ptr
                0x00000000200004c8        0x4 d:/mounriver/mounriver_studio2/resources/app/resources/win32/components/wch/toolchain/risc-v embedded gcc/bin/../lib/gcc/riscv-none-embed/8.2.0/../../../../riscv-none-embed/lib/rv32imacxw/ilp32\libg_nano.a(lib_a-impure.o)
                0x00000000200004c8                _impure_ptr
 *(.sdata2.*)
 .sdata2._global_impure_ptr
                0x00000000200004cc        0x4 d:/mounriver/mounriver_studio2/resources/app/resources/win32/components/wch/toolchain/risc-v embedded gcc/bin/../lib/gcc/riscv-none-embed/8.2.0/../../../../riscv-none-embed/lib/rv32imacxw/ilp32\libg_nano.a(lib_a-impure.o)
                0x00000000200004cc                _global_impure_ptr
 *(.gnu.linkonce.s.*)
                0x00000000200004d0                . = ALIGN (0x8)
 *(.srodata.cst16)
 *(.srodata.cst8)
 *(.srodata.cst4)
 *(.srodata.cst2)
 *(.srodata .srodata.*)
                0x00000000200004d0                . = ALIGN (0x4)
                0x00000000200004d0                PROVIDE (_edata = .)

.bss            0x00000000200004d0      0x370 load address 0x000000000000fe70
                0x00000000200004d0                . = ALIGN (0x4)
                0x00000000200004d0                PROVIDE (_sbss = .)
 *(.sbss*)
 .sbss.as608_proc_falg
                0x00000000200004d0        0x1 ./User/main.o
                0x00000000200004d0                as608_proc_falg
 .sbss.as608_proc_falg_old
                0x00000000200004d1        0x1 ./User/main.o
                0x00000000200004d1                as608_proc_falg_old
 .sbss.key_down
                0x00000000200004d2        0x1 ./User/main.o
                0x00000000200004d2                key_down
 .sbss.key_index
                0x00000000200004d3        0x1 ./User/main.o
                0x00000000200004d3                key_index
 .sbss.key_index_old
                0x00000000200004d4        0x1 ./User/main.o
                0x00000000200004d4                key_index_old
 .sbss.key_old  0x00000000200004d5        0x1 ./User/main.o
                0x00000000200004d5                key_old
 .sbss.key_up   0x00000000200004d6        0x1 ./User/main.o
                0x00000000200004d6                key_up
 .sbss.key_val  0x00000000200004d7        0x1 ./User/main.o
                0x00000000200004d7                key_val
 .sbss.mode     0x00000000200004d8        0x1 ./User/main.o
                0x00000000200004d8                mode
 .sbss.password_error
                0x00000000200004d9        0x1 ./User/main.o
                0x00000000200004d9                password_error
 .sbss.ps_wait_flag
                0x00000000200004da        0x1 ./User/main.o
                0x00000000200004da                ps_wait_flag
 .sbss.rfid_index
                0x00000000200004db        0x1 ./User/main.o
                0x00000000200004db                rfid_index
 .sbss.rfid_password_index
                0x00000000200004dc        0x1 ./User/main.o
                0x00000000200004dc                rfid_password_index
 *fill*         0x00000000200004dd        0x3 
 .sbss.rfid_temp
                0x00000000200004e0        0x4 ./User/main.o
                0x00000000200004e0                rfid_temp
 .sbss.show_flag
                0x00000000200004e4        0x1 ./User/main.o
                0x00000000200004e4                show_flag
 .sbss.show_flag_old
                0x00000000200004e5        0x1 ./User/main.o
                0x00000000200004e5                show_flag_old
 *fill*         0x00000000200004e6        0x2 
 .sbss.sys_ms   0x00000000200004e8        0x4 ./User/main.o
                0x00000000200004e8                sys_ms
 .sbss.task_num
                0x00000000200004ec        0x1 ./User/main.o
                0x00000000200004ec                task_num
 *fill*         0x00000000200004ed        0x1 
 .sbss.time1000ms
                0x00000000200004ee        0x2 ./User/main.o
                0x00000000200004ee                time1000ms
 .sbss.time5000ms
                0x00000000200004f0        0x2 ./User/main.o
                0x00000000200004f0                time5000ms
 .sbss.uart6_rec_index
                0x00000000200004f2        0x1 ./User/main.o
                0x00000000200004f2                uart6_rec_index
 .sbss.uart6_rec_tick
                0x00000000200004f3        0x1 ./User/main.o
                0x00000000200004f3                uart6_rec_tick
 .sbss.uart7_rec_index
                0x00000000200004f4        0x1 ./User/main.o
                0x00000000200004f4                uart7_rec_index
 .sbss.uart7_rec_tick
                0x00000000200004f5        0x1 ./User/main.o
                0x00000000200004f5                uart7_rec_tick
 *fill*         0x00000000200004f6        0x2 
 .sbss.uwtick   0x00000000200004f8        0x4 ./User/main.o
                0x00000000200004f8                uwtick
 .sbss.NVIC_Priority_Group
                0x00000000200004fc        0x4 ./Peripheral/src/ch32v30x_misc.o
                0x00000000200004fc                NVIC_Priority_Group
 .sbss.uart6_line_callback
                0x0000000020000500        0x4 ./Driver/uart.o
 .sbss.uart6_line_len
                0x0000000020000504        0x4 ./Driver/uart.o
 .sbss.uart6_rx_head
                0x0000000020000508        0x2 ./Driver/uart.o
                0x0000000020000508                uart6_rx_head
 .sbss.uart6_rx_tail
                0x000000002000050a        0x2 ./Driver/uart.o
                0x000000002000050a                uart6_rx_tail
 .sbss.p_ms     0x000000002000050c        0x2 ./Debug/debug.o
 .sbss.p_us     0x000000002000050e        0x1 ./Debug/debug.o
 *fill*         0x000000002000050f        0x1 
 .sbss.__malloc_free_list
                0x0000000020000510        0x4 d:/mounriver/mounriver_studio2/resources/app/resources/win32/components/wch/toolchain/risc-v embedded gcc/bin/../lib/gcc/riscv-none-embed/8.2.0/../../../../riscv-none-embed/lib/rv32imacxw/ilp32\libg_nano.a(lib_a-nano-mallocr.o)
                0x0000000020000510                __malloc_free_list
 .sbss.__malloc_sbrk_start
                0x0000000020000514        0x4 d:/mounriver/mounriver_studio2/resources/app/resources/win32/components/wch/toolchain/risc-v embedded gcc/bin/../lib/gcc/riscv-none-embed/8.2.0/../../../../riscv-none-embed/lib/rv32imacxw/ilp32\libg_nano.a(lib_a-nano-mallocr.o)
                0x0000000020000514                __malloc_sbrk_start
 *(.gnu.linkonce.sb.*)
 *(.bss*)
 .bss.rfid      0x0000000020000518       0x10 ./User/main.o
                0x0000000020000518                rfid
 .bss.uart6_rec_string
                0x0000000020000528      0x100 ./User/main.o
                0x0000000020000528                uart6_rec_string
 .bss.uart7_rec_string
                0x0000000020000628       0x14 ./User/main.o
                0x0000000020000628                uart7_rec_string
 .bss.uart6_line_buf
                0x000000002000063c      0x100 ./Driver/uart.o
 .bss.uart6_rx_buf
                0x000000002000073c      0x100 ./Driver/uart.o
                0x000000002000073c                uart6_rx_buf
 *(.gnu.linkonce.b.*)
 *(COMMON*)
 COMMON         0x000000002000083c        0x4 d:/mounriver/mounriver_studio2/resources/app/resources/win32/components/wch/toolchain/risc-v embedded gcc/bin/../lib/gcc/riscv-none-embed/8.2.0/../../../../riscv-none-embed/lib/rv32imacxw/ilp32\libg_nano.a(lib_a-reent.o)
                0x000000002000083c                errno
                0x0000000020000840                . = ALIGN (0x4)
                0x0000000020000840                PROVIDE (_ebss = .)
                0x0000000020000840                PROVIDE (_end = _ebss)
                [!provide]                        PROVIDE (end = .)

.stack          0x0000000020007800      0x800
                0x0000000020007800                PROVIDE (_heap_end = .)
                0x0000000020007800                . = ALIGN (0x4)
                [!provide]                        PROVIDE (_susrstack = .)
                0x0000000020008000                . = (. + __stack_size)
 *fill*         0x0000000020007800      0x800 
                0x0000000020008000                PROVIDE (_eusrstack = .)
OUTPUT(intelligent_door_lock.elf elf32-littleriscv)

.debug_info     0x0000000000000000    0x17787
 .debug_info    0x0000000000000000      0x962 ./User/ch32v30x_it.o
 .debug_info    0x0000000000000962     0x21b1 ./User/main.o
 .debug_info    0x0000000000002b13      0xb99 ./User/system_ch32v30x.o
 .debug_info    0x00000000000036ac       0x22 ./Startup/startup_ch32v30x_D8C.o
 .debug_info    0x00000000000036ce     0x11ea ./Peripheral/src/ch32v30x_gpio.o
 .debug_info    0x00000000000048b8      0xf72 ./Peripheral/src/ch32v30x_misc.o
 .debug_info    0x000000000000582a     0x156e ./Peripheral/src/ch32v30x_rcc.o
 .debug_info    0x0000000000006d98     0x12cd ./Peripheral/src/ch32v30x_spi.o
 .debug_info    0x0000000000008065     0x2a16 ./Peripheral/src/ch32v30x_tim.o
 .debug_info    0x000000000000aa7b     0x1420 ./Peripheral/src/ch32v30x_usart.o
 .debug_info    0x000000000000be9b      0xe08 ./Driver/as608.o
 .debug_info    0x000000000000cca3      0xbd8 ./Driver/audio.o
 .debug_info    0x000000000000d87b     0x159d ./Driver/esp8266.o
 .debug_info    0x000000000000ee18     0x1423 ./Driver/iic.o
 .debug_info    0x000000000001023b      0xf78 ./Driver/key.o
 .debug_info    0x00000000000111b3     0x2b70 ./Driver/lcd.o
 .debug_info    0x0000000000013d23       0xc7 ./Driver/telecontrol.o
 .debug_info    0x0000000000013dea     0x1341 ./Driver/timer.o
 .debug_info    0x000000000001512b     0x1707 ./Driver/uart.o
 .debug_info    0x0000000000016832      0xf55 ./Debug/debug.o

.debug_abbrev   0x0000000000000000     0x3880
 .debug_abbrev  0x0000000000000000      0x1cf ./User/ch32v30x_it.o
 .debug_abbrev  0x00000000000001cf      0x46d ./User/main.o
 .debug_abbrev  0x000000000000063c      0x2c0 ./User/system_ch32v30x.o
 .debug_abbrev  0x00000000000008fc       0x12 ./Startup/startup_ch32v30x_D8C.o
 .debug_abbrev  0x000000000000090e      0x31a ./Peripheral/src/ch32v30x_gpio.o
 .debug_abbrev  0x0000000000000c28      0x2fb ./Peripheral/src/ch32v30x_misc.o
 .debug_abbrev  0x0000000000000f23      0x351 ./Peripheral/src/ch32v30x_rcc.o
 .debug_abbrev  0x0000000000001274      0x312 ./Peripheral/src/ch32v30x_spi.o
 .debug_abbrev  0x0000000000001586      0x408 ./Peripheral/src/ch32v30x_tim.o
 .debug_abbrev  0x000000000000198e      0x312 ./Peripheral/src/ch32v30x_usart.o
 .debug_abbrev  0x0000000000001ca0      0x2b6 ./Driver/as608.o
 .debug_abbrev  0x0000000000001f56      0x298 ./Driver/audio.o
 .debug_abbrev  0x00000000000021ee      0x312 ./Driver/esp8266.o
 .debug_abbrev  0x0000000000002500      0x31a ./Driver/iic.o
 .debug_abbrev  0x000000000000281a      0x29a ./Driver/key.o
 .debug_abbrev  0x0000000000002ab4      0x436 ./Driver/lcd.o
 .debug_abbrev  0x0000000000002eea       0xb7 ./Driver/telecontrol.o
 .debug_abbrev  0x0000000000002fa1      0x2a6 ./Driver/timer.o
 .debug_abbrev  0x0000000000003247      0x344 ./Driver/uart.o
 .debug_abbrev  0x000000000000358b      0x2f5 ./Debug/debug.o

.debug_aranges  0x0000000000000000      0xbd0
 .debug_aranges
                0x0000000000000000       0x28 ./User/ch32v30x_it.o
 .debug_aranges
                0x0000000000000028       0xc0 ./User/main.o
 .debug_aranges
                0x00000000000000e8       0x28 ./User/system_ch32v30x.o
 .debug_aranges
                0x0000000000000110       0x30 ./Startup/startup_ch32v30x_D8C.o
 .debug_aranges
                0x0000000000000140       0xb0 ./Peripheral/src/ch32v30x_gpio.o
 .debug_aranges
                0x00000000000001f0       0x28 ./Peripheral/src/ch32v30x_misc.o
 .debug_aranges
                0x0000000000000218      0x1a8 ./Peripheral/src/ch32v30x_rcc.o
 .debug_aranges
                0x00000000000003c0       0xd0 ./Peripheral/src/ch32v30x_spi.o
 .debug_aranges
                0x0000000000000490      0x2d0 ./Peripheral/src/ch32v30x_tim.o
 .debug_aranges
                0x0000000000000760      0x100 ./Peripheral/src/ch32v30x_usart.o
 .debug_aranges
                0x0000000000000860       0x58 ./Driver/as608.o
 .debug_aranges
                0x00000000000008b8       0x30 ./Driver/audio.o
 .debug_aranges
                0x00000000000008e8       0x58 ./Driver/esp8266.o
 .debug_aranges
                0x0000000000000940       0x80 ./Driver/iic.o
 .debug_aranges
                0x00000000000009c0       0x28 ./Driver/key.o
 .debug_aranges
                0x00000000000009e8       0xd8 ./Driver/lcd.o
 .debug_aranges
                0x0000000000000ac0       0x28 ./Driver/telecontrol.o
 .debug_aranges
                0x0000000000000ae8       0x30 ./Driver/timer.o
 .debug_aranges
                0x0000000000000b18       0x68 ./Driver/uart.o
 .debug_aranges
                0x0000000000000b80       0x50 ./Debug/debug.o

.debug_ranges   0x0000000000000000      0xc50
 .debug_ranges  0x0000000000000000       0x18 ./User/ch32v30x_it.o
 .debug_ranges  0x0000000000000018      0x130 ./User/main.o
 .debug_ranges  0x0000000000000148       0x38 ./User/system_ch32v30x.o
 .debug_ranges  0x0000000000000180       0x28 ./Startup/startup_ch32v30x_D8C.o
 .debug_ranges  0x00000000000001a8       0xa0 ./Peripheral/src/ch32v30x_gpio.o
 .debug_ranges  0x0000000000000248       0x48 ./Peripheral/src/ch32v30x_misc.o
 .debug_ranges  0x0000000000000290      0x198 ./Peripheral/src/ch32v30x_rcc.o
 .debug_ranges  0x0000000000000428       0xc0 ./Peripheral/src/ch32v30x_spi.o
 .debug_ranges  0x00000000000004e8      0x2f0 ./Peripheral/src/ch32v30x_tim.o
 .debug_ranges  0x00000000000007d8       0xf0 ./Peripheral/src/ch32v30x_usart.o
 .debug_ranges  0x00000000000008c8       0x48 ./Driver/as608.o
 .debug_ranges  0x0000000000000910       0x20 ./Driver/audio.o
 .debug_ranges  0x0000000000000930       0x78 ./Driver/esp8266.o
 .debug_ranges  0x00000000000009a8       0x70 ./Driver/iic.o
 .debug_ranges  0x0000000000000a18       0x18 ./Driver/key.o
 .debug_ranges  0x0000000000000a30      0x130 ./Driver/lcd.o
 .debug_ranges  0x0000000000000b60       0x18 ./Driver/telecontrol.o
 .debug_ranges  0x0000000000000b78       0x20 ./Driver/timer.o
 .debug_ranges  0x0000000000000b98       0x78 ./Driver/uart.o
 .debug_ranges  0x0000000000000c10       0x40 ./Debug/debug.o

.debug_line     0x0000000000000000    0x10ee0
 .debug_line    0x0000000000000000      0x2b3 ./User/ch32v30x_it.o
 .debug_line    0x00000000000002b3     0x1d03 ./User/main.o
 .debug_line    0x0000000000001fb6      0x970 ./User/system_ch32v30x.o
 .debug_line    0x0000000000002926      0x122 ./Startup/startup_ch32v30x_D8C.o
 .debug_line    0x0000000000002a48     0x10f0 ./Peripheral/src/ch32v30x_gpio.o
 .debug_line    0x0000000000003b38      0x553 ./Peripheral/src/ch32v30x_misc.o
 .debug_line    0x000000000000408b     0x1a0b ./Peripheral/src/ch32v30x_rcc.o
 .debug_line    0x0000000000005a96      0xdb2 ./Peripheral/src/ch32v30x_spi.o
 .debug_line    0x0000000000006848     0x3378 ./Peripheral/src/ch32v30x_tim.o
 .debug_line    0x0000000000009bc0     0x10a9 ./Peripheral/src/ch32v30x_usart.o
 .debug_line    0x000000000000ac69      0x5d4 ./Driver/as608.o
 .debug_line    0x000000000000b23d      0x4c0 ./Driver/audio.o
 .debug_line    0x000000000000b6fd      0xd52 ./Driver/esp8266.o
 .debug_line    0x000000000000c44f      0x9dd ./Driver/iic.o
 .debug_line    0x000000000000ce2c      0x777 ./Driver/key.o
 .debug_line    0x000000000000d5a3     0x1cd0 ./Driver/lcd.o
 .debug_line    0x000000000000f273       0x68 ./Driver/telecontrol.o
 .debug_line    0x000000000000f2db      0x5ac ./Driver/timer.o
 .debug_line    0x000000000000f887      0xe92 ./Driver/uart.o
 .debug_line    0x0000000000010719      0x7c7 ./Debug/debug.o

.debug_str      0x0000000000000000     0x3632
 .debug_str     0x0000000000000000      0x54e ./User/ch32v30x_it.o
                                        0x5c0 (size before relaxing)
 .debug_str     0x000000000000054e      0x7a2 ./User/main.o
                                        0xd9a (size before relaxing)
 .debug_str     0x0000000000000cf0       0xfe ./User/system_ch32v30x.o
                                        0x6df (size before relaxing)
 .debug_str     0x0000000000000dee       0x2e ./Startup/startup_ch32v30x_D8C.o
                                         0x64 (size before relaxing)
 .debug_str     0x0000000000000e1c      0x3ba ./Peripheral/src/ch32v30x_gpio.o
                                        0x9ba (size before relaxing)
 .debug_str     0x00000000000011d6      0x6a5 ./Peripheral/src/ch32v30x_misc.o
                                        0xcd5 (size before relaxing)
 .debug_str     0x000000000000187b      0x5c2 ./Peripheral/src/ch32v30x_rcc.o
                                        0xcd4 (size before relaxing)
 .debug_str     0x0000000000001e3d      0x35a ./Peripheral/src/ch32v30x_spi.o
                                        0xa99 (size before relaxing)
 .debug_str     0x0000000000002197      0xa82 ./Peripheral/src/ch32v30x_tim.o
                                       0x1285 (size before relaxing)
 .debug_str     0x0000000000002c19      0x3b9 ./Peripheral/src/ch32v30x_usart.o
                                        0xb21 (size before relaxing)
 .debug_str     0x0000000000002fd2       0x4b ./Driver/as608.o
                                        0x80a (size before relaxing)
 .debug_str     0x000000000000301d       0x1e ./Driver/audio.o
                                        0x6c3 (size before relaxing)
 .debug_str     0x000000000000303b      0x166 ./Driver/esp8266.o
                                        0x7e8 (size before relaxing)
 .debug_str     0x00000000000031a1       0xd4 ./Driver/iic.o
                                        0x84d (size before relaxing)
 .debug_str     0x0000000000003275       0x10 ./Driver/key.o
                                        0x78b (size before relaxing)
 .debug_str     0x0000000000003285      0x209 ./Driver/lcd.o
                                        0xb63 (size before relaxing)
 .debug_str     0x000000000000348e       0x37 ./Driver/telecontrol.o
                                        0x172 (size before relaxing)
 .debug_str     0x00000000000034c5       0x4f ./Driver/timer.o
                                       0x1040 (size before relaxing)
 .debug_str     0x0000000000003514       0xaa ./Driver/uart.o
                                        0xfd5 (size before relaxing)
 .debug_str     0x00000000000035be       0x74 ./Debug/debug.o
                                        0x92b (size before relaxing)

.comment        0x0000000000000000       0x33
 .comment       0x0000000000000000       0x33 ./User/ch32v30x_it.o
                                         0x34 (size before relaxing)
 .comment       0x0000000000000033       0x34 ./User/main.o
 .comment       0x0000000000000033       0x34 ./User/system_ch32v30x.o
 .comment       0x0000000000000033       0x34 ./Peripheral/src/ch32v30x_gpio.o
 .comment       0x0000000000000033       0x34 ./Peripheral/src/ch32v30x_misc.o
 .comment       0x0000000000000033       0x34 ./Peripheral/src/ch32v30x_rcc.o
 .comment       0x0000000000000033       0x34 ./Peripheral/src/ch32v30x_spi.o
 .comment       0x0000000000000033       0x34 ./Peripheral/src/ch32v30x_tim.o
 .comment       0x0000000000000033       0x34 ./Peripheral/src/ch32v30x_usart.o
 .comment       0x0000000000000033       0x34 ./Driver/as608.o
 .comment       0x0000000000000033       0x34 ./Driver/audio.o
 .comment       0x0000000000000033       0x34 ./Driver/esp8266.o
 .comment       0x0000000000000033       0x34 ./Driver/iic.o
 .comment       0x0000000000000033       0x34 ./Driver/key.o
 .comment       0x0000000000000033       0x34 ./Driver/lcd.o
 .comment       0x0000000000000033       0x34 ./Driver/telecontrol.o
 .comment       0x0000000000000033       0x34 ./Driver/timer.o
 .comment       0x0000000000000033       0x34 ./Driver/uart.o
 .comment       0x0000000000000033       0x34 ./Debug/debug.o

.debug_frame    0x0000000000000000     0x2ca8
 .debug_frame   0x0000000000000000       0x30 ./User/ch32v30x_it.o
 .debug_frame   0x0000000000000030      0x280 ./User/main.o
 .debug_frame   0x00000000000002b0       0x3c ./User/system_ch32v30x.o
 .debug_frame   0x00000000000002ec      0x174 ./Peripheral/src/ch32v30x_gpio.o
 .debug_frame   0x0000000000000460       0x30 ./Peripheral/src/ch32v30x_misc.o
 .debug_frame   0x0000000000000490      0x344 ./Peripheral/src/ch32v30x_rcc.o
 .debug_frame   0x00000000000007d4      0x1a8 ./Peripheral/src/ch32v30x_spi.o
 .debug_frame   0x000000000000097c      0x614 ./Peripheral/src/ch32v30x_tim.o
 .debug_frame   0x0000000000000f90      0x204 ./Peripheral/src/ch32v30x_usart.o
 .debug_frame   0x0000000000001194      0x10c ./Driver/as608.o
 .debug_frame   0x00000000000012a0       0x84 ./Driver/audio.o
 .debug_frame   0x0000000000001324      0x144 ./Driver/esp8266.o
 .debug_frame   0x0000000000001468      0x1d8 ./Driver/iic.o
 .debug_frame   0x0000000000001640       0x5c ./Driver/key.o
 .debug_frame   0x000000000000169c      0x4a0 ./Driver/lcd.o
 .debug_frame   0x0000000000001b3c       0x50 ./Driver/telecontrol.o
 .debug_frame   0x0000000000001b8c       0x74 ./Driver/timer.o
 .debug_frame   0x0000000000001c00      0x194 ./Driver/uart.o
 .debug_frame   0x0000000000001d94       0xb8 ./Debug/debug.o
 .debug_frame   0x0000000000001e4c       0x20 d:/mounriver/mounriver_studio2/resources/app/resources/win32/components/wch/toolchain/risc-v embedded gcc/bin/../lib/gcc/riscv-none-embed/8.2.0/../../../../riscv-none-embed/lib/rv32imacxw/ilp32\libg_nano.a(lib_a-memcpy.o)
 .debug_frame   0x0000000000001e6c       0x54 d:/mounriver/mounriver_studio2/resources/app/resources/win32/components/wch/toolchain/risc-v embedded gcc/bin/../lib/gcc/riscv-none-embed/8.2.0/../../../../riscv-none-embed/lib/rv32imacxw/ilp32\libg_nano.a(lib_a-puts.o)
 .debug_frame   0x0000000000001ec0       0x60 d:/mounriver/mounriver_studio2/resources/app/resources/win32/components/wch/toolchain/risc-v embedded gcc/bin/../lib/gcc/riscv-none-embed/8.2.0/../../../../riscv-none-embed/lib/rv32imacxw/ilp32\libg_nano.a(lib_a-snprintf.o)
 .debug_frame   0x0000000000001f20       0x54 d:/mounriver/mounriver_studio2/resources/app/resources/win32/components/wch/toolchain/risc-v embedded gcc/bin/../lib/gcc/riscv-none-embed/8.2.0/../../../../riscv-none-embed/lib/rv32imacxw/ilp32\libg_nano.a(lib_a-sscanf.o)
 .debug_frame   0x0000000000001f74       0xa4 d:/mounriver/mounriver_studio2/resources/app/resources/win32/components/wch/toolchain/risc-v embedded gcc/bin/../lib/gcc/riscv-none-embed/8.2.0/../../../../riscv-none-embed/lib/rv32imacxw/ilp32\libg_nano.a(lib_a-stdio.o)
 .debug_frame   0x0000000000002018       0x20 d:/mounriver/mounriver_studio2/resources/app/resources/win32/components/wch/toolchain/risc-v embedded gcc/bin/../lib/gcc/riscv-none-embed/8.2.0/../../../../riscv-none-embed/lib/rv32imacxw/ilp32\libg_nano.a(lib_a-strchr.o)
 .debug_frame   0x0000000000002038       0x20 d:/mounriver/mounriver_studio2/resources/app/resources/win32/components/wch/toolchain/risc-v embedded gcc/bin/../lib/gcc/riscv-none-embed/8.2.0/../../../../riscv-none-embed/lib/rv32imacxw/ilp32\libg_nano.a(lib_a-strlen.o)
 .debug_frame   0x0000000000002058       0x20 d:/mounriver/mounriver_studio2/resources/app/resources/win32/components/wch/toolchain/risc-v embedded gcc/bin/../lib/gcc/riscv-none-embed/8.2.0/../../../../riscv-none-embed/lib/rv32imacxw/ilp32\libg_nano.a(lib_a-strncmp.o)
 .debug_frame   0x0000000000002078       0x20 d:/mounriver/mounriver_studio2/resources/app/resources/win32/components/wch/toolchain/risc-v embedded gcc/bin/../lib/gcc/riscv-none-embed/8.2.0/../../../../riscv-none-embed/lib/rv32imacxw/ilp32\libg_nano.a(lib_a-strstr.o)
 .debug_frame   0x0000000000002098       0x50 d:/mounriver/mounriver_studio2/resources/app/resources/win32/components/wch/toolchain/risc-v embedded gcc/bin/../lib/gcc/riscv-none-embed/8.2.0/../../../../riscv-none-embed/lib/rv32imacxw/ilp32\libg_nano.a(lib_a-wbuf.o)
 .debug_frame   0x00000000000020e8       0x30 d:/mounriver/mounriver_studio2/resources/app/resources/win32/components/wch/toolchain/risc-v embedded gcc/bin/../lib/gcc/riscv-none-embed/8.2.0/../../../../riscv-none-embed/lib/rv32imacxw/ilp32\libg_nano.a(lib_a-writer.o)
 .debug_frame   0x0000000000002118       0x3c d:/mounriver/mounriver_studio2/resources/app/resources/win32/components/wch/toolchain/risc-v embedded gcc/bin/../lib/gcc/riscv-none-embed/8.2.0/../../../../riscv-none-embed/lib/rv32imacxw/ilp32\libg_nano.a(lib_a-wsetup.o)
 .debug_frame   0x0000000000002154       0x30 d:/mounriver/mounriver_studio2/resources/app/resources/win32/components/wch/toolchain/risc-v embedded gcc/bin/../lib/gcc/riscv-none-embed/8.2.0/../../../../riscv-none-embed/lib/rv32imacxw/ilp32\libg_nano.a(lib_a-closer.o)
 .debug_frame   0x0000000000002184       0x7c d:/mounriver/mounriver_studio2/resources/app/resources/win32/components/wch/toolchain/risc-v embedded gcc/bin/../lib/gcc/riscv-none-embed/8.2.0/../../../../riscv-none-embed/lib/rv32imacxw/ilp32\libg_nano.a(lib_a-fflush.o)
 .debug_frame   0x0000000000002200      0x148 d:/mounriver/mounriver_studio2/resources/app/resources/win32/components/wch/toolchain/risc-v embedded gcc/bin/../lib/gcc/riscv-none-embed/8.2.0/../../../../riscv-none-embed/lib/rv32imacxw/ilp32\libg_nano.a(lib_a-findfp.o)
 .debug_frame   0x0000000000002348       0x88 d:/mounriver/mounriver_studio2/resources/app/resources/win32/components/wch/toolchain/risc-v embedded gcc/bin/../lib/gcc/riscv-none-embed/8.2.0/../../../../riscv-none-embed/lib/rv32imacxw/ilp32\libg_nano.a(lib_a-fwalk.o)
 .debug_frame   0x00000000000023d0       0x30 d:/mounriver/mounriver_studio2/resources/app/resources/win32/components/wch/toolchain/risc-v embedded gcc/bin/../lib/gcc/riscv-none-embed/8.2.0/../../../../riscv-none-embed/lib/rv32imacxw/ilp32\libg_nano.a(lib_a-lseekr.o)
 .debug_frame   0x0000000000002400       0x64 d:/mounriver/mounriver_studio2/resources/app/resources/win32/components/wch/toolchain/risc-v embedded gcc/bin/../lib/gcc/riscv-none-embed/8.2.0/../../../../riscv-none-embed/lib/rv32imacxw/ilp32\libg_nano.a(lib_a-makebuf.o)
 .debug_frame   0x0000000000002464       0x40 d:/mounriver/mounriver_studio2/resources/app/resources/win32/components/wch/toolchain/risc-v embedded gcc/bin/../lib/gcc/riscv-none-embed/8.2.0/../../../../riscv-none-embed/lib/rv32imacxw/ilp32\libg_nano.a(lib_a-nano-freer.o)
 .debug_frame   0x00000000000024a4       0x40 d:/mounriver/mounriver_studio2/resources/app/resources/win32/components/wch/toolchain/risc-v embedded gcc/bin/../lib/gcc/riscv-none-embed/8.2.0/../../../../riscv-none-embed/lib/rv32imacxw/ilp32\libg_nano.a(lib_a-nano-mallocr.o)